package org.iuv.test.models

import kotlinx.serialization.Serializable

@Serializable
data class Actor(
  val avatarUrl : String? = null,
  val bio : String? = null,
  val blog : String? = null,
  val collaborators : Int? = null,
  val company : String? = null,
  val createdAt : String? = null,
  val diskUsage : Int? = null,
  val email : String? = null,
  val followers : Int? = null,
  val followersUrl : String? = null,
  val following : Int? = null,
  val followingUrl : String? = null,
  val gistsUrl : String? = null,
  val gravatarId : String? = null,
  val hireable : Boolean? = null,
  val htmlUrl : String? = null,
  val id : Int? = null,
  val location : String? = null,
  val login : String? = null,
  val name : String? = null,
  val organizationsUrl : String? = null,
  val ownedPrivateRepos : Int? = null,
  val plan : ActorPlan? = null,
  val privateGists : Int? = null,
  val publicGists : Int? = null,
  val publicRepos : Int? = null,
  val starredUrl : String? = null,
  val subscriptionsUrl : String? = null,
  val totalPrivateRepos : Int? = null,
  val type : String? = null,
  val updatedAt : String? = null,
  val url : String? = null
)

@Serializable
data class Asset(
  val contentType : String? = null,
  val createdAt : String? = null,
  val downloadCount : Int? = null,
  val id : Int? = null,
  val label : String? = null,
  val name : String? = null,
  val size : Int? = null,
  val state : String? = null,
  val updatedAt : String? = null,
  val uploader : User? = null,
  val url : String? = null
)

@Serializable
data class AssetPatch(
  val label : String? = null,
  val name : String
)

typealias Assets = List<Asset>


typealias Assignees = List<User>


@Serializable
data class Blob(
  val content : String? = null,
  val encoding : String? = null,
  val sha : String? = null,
  val size : Int? = null
)

@Serializable
data class Blobs(
  val sha : String? = null
)

@Serializable
data class Branch(
  val Links : BranchLinks? = null,
  val commit : BranchCommit? = null,
  val name : String? = null
)

@Serializable
data class Branches(
  val commit : BranchesCommit? = null,
  val name : String? = null
)

typealias CodeFrequencyStats = List<Int>


@Serializable
data class Comment(
  val body : String? = null
)

@Serializable
data class CommentBody(
  val body : String
)

@Serializable
data class Comments(
  val createdAt : String? = null,
  val id : Int? = null,
  val body : String? = null,
  val user : User? = null,
  val url : String? = null
)

@Serializable
data class Commit(
  val author : User? = null,
  val commit : CommitCommit? = null,
  val committer : User? = null,
  val files : List<CommitFilesItems>? = null,
  val parents : List<CommitParentsItems>? = null,
  val sha : String? = null,
  val stats : CommitStats? = null,
  val url : String? = null
)

@Serializable
data class CommitActivityStats(
  val total : Int? = null,
  val week : Int? = null,
  val days : List<Int>? = null
)

@Serializable
data class CommitComment(
  val body : String? = null,
  val commitId : String? = null,
  val createdAt : String? = null,
  val htmlUrl : String? = null,
  val id : Int? = null,
  val line : Int? = null,
  val path : String? = null,
  val position : Int? = null,
  val updatedAt : String? = null,
  val url : String? = null,
  val user : User? = null
)

@Serializable
data class CommitCommentBody(
  val body : String,
  val line : String? = null,
  val number : String? = null,
  val path : String? = null,
  val position : Int? = null,
  val sha : String
)

@Serializable
data class Commits(
  val committer : User? = null,
  val author : User? = null,
  val commit : CommitsCommit? = null,
  val sha : String? = null,
  val url : String? = null,
  val parents : List<CommitsParentsItems>? = null
)

@Serializable
data class CompareCommits(
  val aheadBy : Int? = null,
  val baseCommit : CompareCommitsBaseCommit? = null,
  val behindBy : Int? = null,
  val commits : List<CompareCommitsCommitsItems>? = null,
  val diffUrl : String? = null,
  val files : List<CompareCommitsFilesItems>? = null,
  val htmlUrl : String? = null,
  val patchUrl : String? = null,
  val permalinkUrl : String? = null,
  val status : String? = null,
  val totalCommits : Int? = null,
  val url : String? = null
)

@Serializable
data class ContentsPath(
  val Links : ContentsPathLinks? = null,
  val content : String? = null,
  val encoding : String? = null,
  val gitUrl : String? = null,
  val htmlUrl : String? = null,
  val name : String? = null,
  val path : String? = null,
  val sha : String? = null,
  val size : Int? = null,
  val type : String? = null,
  val url : String? = null
)

@Serializable
data class ContributorsStats(
  val total : Int? = null,
  val weeks : List<ContributorsStatsWeeksItems>? = null,
  val author : ContributorsStatsAuthor? = null
)

@Serializable
data class CreateFile(
  val commit : CreateFileCommit? = null,
  val content : CreateFileContent? = null
)

@Serializable
data class CreateFileBody(
  val committer : CreateFileBodyCommitter? = null,
  val content : String? = null,
  val message : String? = null
)

@Serializable
data class DeleteFile(
  val commit : DeleteFileCommit? = null,
  val content : String? = null
)

@Serializable
data class DeleteFileBody(
  val committer : DeleteFileBodyCommitter? = null,
  val message : String? = null,
  val sha : String? = null
)

@Serializable
data class Deployment(
  val description : String? = null,
  val payload : DeploymentPayload? = null,
  val ref : String? = null
)

@Serializable
data class DeploymentResp(
  val createdAt : String? = null,
  val creator : User? = null,
  val description : String? = null,
  val id : Int? = null,
  val payload : String? = null,
  val sha : String? = null,
  val statusesUrl : String? = null,
  val updatedAt : String? = null,
  val url : String? = null
)

@Serializable
data class DeploymentStatuses(
  val creator : User? = null,
  val updatedAt : String? = null,
  val payload : String? = null,
  val targetUrl : String? = null,
  val createdAt : String? = null,
  val description : String? = null,
  val id : Int? = null,
  val state : String? = null,
  val url : String? = null
)

@Serializable
data class DeploymentStatusesCreate(
  val description : String? = null,
  val state : String? = null,
  val targetUrl : String? = null
)

@Serializable
data class Download(
  val contentType : String? = null,
  val description : String? = null,
  val downloadCount : Int? = null,
  val htmlUrl : String? = null,
  val id : Int? = null,
  val name : String? = null,
  val size : Int? = null,
  val url : String? = null
)

typealias Downloads = List<Download>


@Serializable
data class EditTeam(
  val name : String,
  val permission : String? = null
)

typealias EmailsPost = List<String>


typealias Emojis = Map<String, String>


@Serializable
data class Event(
  val actor : Actor? = null,
  val createdAt : Map<String, String>? = null,
  val id : Int? = null,
  val org : Organization? = null,
  val payload : Map<String, String>? = null,
  val public : Boolean? = null,
  val repo : EventRepo? = null,
  val type : String? = null
)

typealias Events = List<Event>


@Serializable
data class Feeds(
  val Links : FeedsLinks? = null,
  val currentUserActorUrl : String? = null,
  val currentUserOrganizationUrl : String? = null,
  val currentUserPublic : String? = null,
  val currentUserUrl : String? = null,
  val timelineUrl : String? = null,
  val userUrl : String? = null
)

@Serializable
data class ForkBody(
  val organization : String? = null
)

typealias Repos = List<Repo>


@Serializable
data class Gist(
  val comments : Int? = null,
  val commentsUrl : String? = null,
  val createdAt : String? = null,
  val description : String? = null,
  val files : GistFiles? = null,
  val forks : List<GistForksItems>? = null,
  val gitPullUrl : String? = null,
  val gitPushUrl : String? = null,
  val history : List<GistHistoryItems>? = null,
  val htmlUrl : String? = null,
  val id : String? = null,
  val public : Boolean? = null,
  val url : String? = null,
  val user : User? = null
)

@Serializable
data class Gists(
  val comments : Int? = null,
  val gitPushUrl : String? = null,
  val public : Boolean? = null,
  val htmlUrl : String? = null,
  val commentsUrl : String? = null,
  val gitPullUrl : String? = null,
  val createdAt : String? = null,
  val description : String? = null,
  val files : GistsFiles? = null,
  val id : String? = null,
  val user : User? = null,
  val url : String? = null
)

@Serializable
data class GitCommit(
  val author : GitCommitAuthor? = null,
  val message : String? = null,
  val parents : String? = null,
  val tree : String? = null
)

@Serializable
data class GitRefPatch(
  val force : Boolean? = null,
  val sha : String? = null
)

typealias Gitignore = List<String>


@Serializable
data class GitignoreLang(
  val name : String? = null,
  val source : String? = null
)

@Serializable
data class HeadBranch(
  val `object` : HeadBranchObject? = null,
  val ref : String? = null,
  val url : String? = null
)

@Serializable
data class Hook(
  val updatedAt : String? = null,
  val name : String? = null,
  val active : Boolean? = null,
  val createdAt : String? = null,
  val id : Int? = null,
  val config : HookConfig? = null,
  val events : List<String>? = null,
  val url : String? = null
)

@Serializable
data class HookBody(
  val active : Boolean? = null,
  val addEvents : List<String>? = null
)

@Serializable
data class Issue(
  val assignee : String? = null,
  val body : String? = null,
  val labels : List<String>? = null,
  val milestone : Int? = null,
  val title : String? = null
)

@Serializable
data class IssueEvent(
  val actor : Actor? = null,
  val commitId : String? = null,
  val createdAt : String? = null,
  val event : String? = null,
  val issue : IssueEventIssue? = null,
  val url : String? = null
)

typealias IssueEvents = List<IssueEvent>


@Serializable
data class Issues(
  val pullRequest : IssuesPullRequest? = null,
  val closedAt : String? = null,
  val comments : Int? = null,
  val createdAt : String? = null,
  val body : String? = null,
  val title : String? = null,
  val url : String? = null,
  val labels : List<IssuesLabelsItems>? = null,
  val number : Int? = null,
  val milestone : IssuesMilestone? = null,
  val updatedAt : String? = null,
  val htmlUrl : String? = null,
  val assignee : User? = null,
  val state : String? = null,
  val user : User? = null
)

@Serializable
data class IssuesComment(
  val body : String? = null,
  val createdAt : String? = null,
  val htmlUrl : String? = null,
  val id : Int? = null,
  val updatedAt : String? = null,
  val url : String? = null,
  val user : User? = null
)

@Serializable
data class IssuesComments(
  val path : String? = null,
  val updatedAt : String? = null,
  val Links : IssuesCommentsLinks? = null,
  val createdAt : String? = null,
  val id : Int? = null,
  val position : Int? = null,
  val body : String? = null,
  val commitId : String? = null,
  val user : User? = null,
  val url : String? = null
)

@Serializable
data class Keys(
  val id : Int? = null,
  val title : String? = null,
  val key : String? = null,
  val url : String? = null
)

@Serializable
data class Label(
  val color : String? = null,
  val name : String? = null,
  val url : String? = null
)

@Serializable
data class Labels(
  val color : String? = null,
  val name : String? = null,
  val url : String? = null
)

typealias Languages = Map<String, Int>


@Serializable
data class Markdown(
  val context : String? = null,
  val mode : String? = null,
  val text : String? = null
)

@Serializable
data class Merge(
  val merged : Boolean? = null,
  val message : String? = null,
  val sha : String? = null
)

@Serializable
data class MergePullBody(
  val commitMessage : String? = null
)

@Serializable
data class MergesBody(
  val base : String? = null,
  val commitMessage : String? = null,
  val head : String? = null
)

@Serializable
data class MergesConflict(
  val message : String? = null
)

@Serializable
data class MergesSuccessful(
  val author : User? = null,
  val commentsUrl : String? = null,
  val commit : MergesSuccessfulCommit? = null,
  val committer : User? = null,
  val merged : Boolean? = null,
  val message : String? = null,
  val parents : List<MergesSuccessfulParentsItems>? = null,
  val sha : String? = null,
  val url : String? = null
)

@Serializable
data class Meta(
  val git : List<String>? = null,
  val hooks : List<String>? = null
)

@Serializable
data class Milestone(
  val closedIssues : Int? = null,
  val createdAt : String? = null,
  val creator : User? = null,
  val description : String? = null,
  val dueOn : String? = null,
  val number : Int? = null,
  val openIssues : Int? = null,
  val state : String? = null,
  val title : String? = null,
  val url : String? = null
)

@Serializable
data class MilestoneUpdate(
  val description : String? = null,
  val dueOn : String? = null,
  val state : String? = null,
  val title : String? = null
)

@Serializable
data class NotificationMarkRead(
  val lastReadAt : String? = null
)

@Serializable
data class Notifications(
  val id : Int? = null,
  val lastReadAt : String? = null,
  val reason : String? = null,
  val repository : NotificationsRepository? = null,
  val subject : NotificationsSubject? = null,
  val unread : Boolean? = null,
  val updatedAt : String? = null,
  val url : String? = null
)

@Serializable
data class OrgTeamsPost(
  val name : String,
  val permission : String? = null,
  val repoNames : List<String>? = null
)

@Serializable
data class Organization(
  val avatarUrl : String? = null,
  val bio : String? = null,
  val blog : String? = null,
  val collaborators : Int? = null,
  val company : String? = null,
  val createdAt : String? = null,
  val diskUsage : Int? = null,
  val email : String? = null,
  val followers : Int? = null,
  val followersUrl : String? = null,
  val following : Int? = null,
  val followingUrl : String? = null,
  val gistsUrl : String? = null,
  val gravatarId : String? = null,
  val hireable : Boolean? = null,
  val htmlUrl : String? = null,
  val id : Int? = null,
  val location : String? = null,
  val login : String? = null,
  val name : String? = null,
  val organizationsUrl : String? = null,
  val ownedPrivateRepos : Int? = null,
  val plan : OrganizationPlan? = null,
  val privateGists : Int? = null,
  val publicGists : Int? = null,
  val publicRepos : Int? = null,
  val starredUrl : String? = null,
  val subscriptionsUrl : String? = null,
  val totalPrivateRepos : Int? = null,
  val type : String? = null,
  val updatedAt : String? = null,
  val url : String? = null
)

@Serializable
data class OrganizationAsTeamMember(
  val errors : List<OrganizationAsTeamMemberErrorsItems>? = null,
  val message : String? = null
)

@Serializable
data class ParticipationStats(
  val all : List<Int>? = null,
  val owner : List<Int>? = null
)

@Serializable
data class PatchGist(
  val description : String? = null,
  val files : PatchGistFiles? = null
)

@Serializable
data class PatchOrg(
  val billingEmail : String? = null,
  val company : String? = null,
  val email : String? = null,
  val location : String? = null,
  val name : String? = null
)

@Serializable
data class PostGist(
  val description : String? = null,
  val files : PostGistFiles? = null,
  val public : Boolean? = null
)

@Serializable
data class PostRepo(
  val autoInit : Boolean? = null,
  val description : String? = null,
  val gitignoreTemplate : String? = null,
  val hasDownloads : Boolean? = null,
  val hasIssues : Boolean? = null,
  val hasWiki : Boolean? = null,
  val homepage : String? = null,
  val name : String,
  val private : Boolean? = null,
  val teamId : Int? = null
)

@Serializable
data class PullRequest(
  val Links : PullRequestLinks? = null,
  val additions : Int? = null,
  val base : PullRequestBase? = null,
  val body : String? = null,
  val changedFiles : Int? = null,
  val closedAt : String? = null,
  val comments : Int? = null,
  val commits : Int? = null,
  val createdAt : String? = null,
  val deletions : Int? = null,
  val diffUrl : String? = null,
  val head : PullRequestHead? = null,
  val htmlUrl : String? = null,
  val issueUrl : String? = null,
  val mergeCommitSha : String? = null,
  val mergeable : Boolean? = null,
  val merged : Boolean? = null,
  val mergedAt : String? = null,
  val mergedBy : PullRequestMergedBy? = null,
  val number : Int? = null,
  val patchUrl : String? = null,
  val state : String? = null,
  val title : String? = null,
  val updatedAt : String? = null,
  val url : String? = null,
  val user : PullRequestUser? = null
)

@Serializable
data class PullUpdate(
  val body : String? = null,
  val state : String? = null,
  val title : String? = null
)

@Serializable
data class Pulls(
  val issueUrl : String? = null,
  val closedAt : String? = null,
  val Links : PullsLinks? = null,
  val mergedAt : String? = null,
  val createdAt : String? = null,
  val diffUrl : String? = null,
  val body : String? = null,
  val title : String? = null,
  val url : String? = null,
  val head : PullsHead? = null,
  val number : Int? = null,
  val patchUrl : String? = null,
  val updatedAt : String? = null,
  val htmlUrl : String? = null,
  val state : String? = null,
  val user : PullsUser? = null,
  val base : PullsBase? = null
)

@Serializable
data class PullsComment(
  val Links : PullsCommentLinks? = null,
  val body : String? = null,
  val commitId : String? = null,
  val createdAt : String? = null,
  val id : Int? = null,
  val path : String? = null,
  val position : Int? = null,
  val updatedAt : String? = null,
  val url : String? = null,
  val user : PullsCommentUser? = null
)

@Serializable
data class PullsCommentPost(
  val body : String? = null,
  val commitId : String? = null,
  val path : String? = null,
  val position : Int? = null
)

@Serializable
data class PullsComments(
  val path : String? = null,
  val updatedAt : String? = null,
  val Links : PullsCommentsLinks? = null,
  val createdAt : String? = null,
  val id : Int? = null,
  val position : Int? = null,
  val body : String? = null,
  val commitId : String? = null,
  val user : PullsCommentsUser? = null,
  val url : String? = null
)

@Serializable
data class PullsPost(
  val base : String? = null,
  val body : String? = null,
  val head : String? = null,
  val title : String? = null
)

@Serializable
data class PutSubscription(
  val createdAt : String? = null,
  val ignored : Boolean? = null,
  val reason : Map<String, String>? = null,
  val subscribed : Boolean? = null,
  val threadUrl : String? = null,
  val url : String? = null
)

@Serializable
data class RateLimit(
  val rate : RateLimitRate? = null
)

@Serializable
data class Ref(
  val creator : RefCreator? = null,
  val updatedAt : String? = null,
  val targetUrl : String? = null,
  val createdAt : String? = null,
  val description : String? = null,
  val id : Int? = null,
  val state : String? = null,
  val url : String? = null
)

@Serializable
data class RefStatus(
  val commitUrl : String? = null,
  val name : String? = null,
  val statuses : List<RefStatusStatusesItems>? = null,
  val repositoryUrl : String? = null,
  val state : String? = null,
  val sha : String? = null
)

@Serializable
data class Refs(
  val ref : String? = null,
  val url : String? = null,
  val `object` : RefsObject? = null
)

@Serializable
data class RefsBody(
  val ref : String? = null,
  val sha : String? = null
)

@Serializable
data class Release(
  val assets : List<ReleaseAssetsItems>? = null,
  val assetsUrl : String? = null,
  val author : User? = null,
  val body : String? = null,
  val createdAt : String? = null,
  val draft : Boolean? = null,
  val htmlUrl : String? = null,
  val id : Int? = null,
  val name : String? = null,
  val prerelease : Boolean? = null,
  val publishedAt : String? = null,
  val tagName : String? = null,
  val tarballUrl : String? = null,
  val targetCommitish : String? = null,
  val uploadUrl : String? = null,
  val url : String? = null,
  val zipballUrl : String? = null
)

@Serializable
data class ReleaseCreate(
  val body : String? = null,
  val draft : Boolean? = null,
  val name : String? = null,
  val prerelease : Boolean? = null,
  val tagName : String? = null,
  val targetCommitish : String? = null
)

@Serializable
data class Releases(
  val author : User? = null,
  val tagName : String? = null,
  val createdAt : String? = null,
  val body : String? = null,
  val url : String? = null,
  val assetsUrl : String? = null,
  val assets : List<ReleasesAssetsItems>? = null,
  val prerelease : Boolean? = null,
  val draft : Boolean? = null,
  val htmlUrl : String? = null,
  val targetCommitish : String? = null,
  val zipballUrl : String? = null,
  val name : String? = null,
  val uploadUrl : String? = null,
  val id : Int? = null,
  val publishedAt : String? = null,
  val tarballUrl : String? = null
)

@Serializable
data class Repo(
  val cloneUrl : String? = null,
  val createdAt : String? = null,
  val description : String? = null,
  val fork : Boolean? = null,
  val forks : Int? = null,
  val forksCount : Int? = null,
  val fullName : String? = null,
  val gitUrl : String? = null,
  val hasDownloads : Boolean? = null,
  val hasIssues : Boolean? = null,
  val hasWiki : Boolean? = null,
  val homepage : String? = null,
  val htmlUrl : String? = null,
  val id : Int? = null,
  val language : String? = null,
  val masterBranch : String? = null,
  val mirrorUrl : String? = null,
  val name : String? = null,
  val openIssues : Int? = null,
  val openIssuesCount : Int? = null,
  val organization : Organization? = null,
  val owner : Actor? = null,
  val parent : Repo? = null,
  val private : Boolean? = null,
  val pushedAt : String? = null,
  val size : Int? = null,
  val source : Repo? = null,
  val sshUrl : String? = null,
  val svnUrl : String? = null,
  val updatedAt : String? = null,
  val url : String? = null,
  val watchers : Int? = null,
  val watchersCount : Int? = null
)

@Serializable
data class RepoDeployments(
  val creator : User? = null,
  val updatedAt : String? = null,
  val payload : String? = null,
  val statusesUrl : String? = null,
  val createdAt : String? = null,
  val description : String? = null,
  val id : Int? = null,
  val sha : String? = null,
  val url : String? = null
)

@Serializable
data class RepoComments(
  val path : String? = null,
  val updatedAt : String? = null,
  val line : Int? = null,
  val htmlUrl : String? = null,
  val createdAt : String? = null,
  val id : Int? = null,
  val position : Int? = null,
  val body : String? = null,
  val commitId : String? = null,
  val user : User? = null,
  val url : String? = null
)

@Serializable
data class RepoCommit(
  val author : RepoCommitAuthor? = null,
  val committer : RepoCommitCommitter? = null,
  val message : String? = null,
  val parents : List<RepoCommitParentsItems>? = null,
  val sha : String? = null,
  val tree : RepoCommitTree? = null,
  val url : String? = null
)

@Serializable
data class RepoCommitBody(
  val author : RepoCommitBodyAuthor? = null,
  val message : String,
  val parents : List<String>,
  val tree : String
)

@Serializable
data class RepoEdit(
  val description : String? = null,
  val hasDownloads : Boolean? = null,
  val hasIssues : Boolean? = null,
  val hasWiki : Boolean? = null,
  val homepage : String? = null,
  val name : String? = null,
  val private : Boolean? = null
)

@Serializable
data class SearchCode(
  val items : List<SearchCodeItemsItems>? = null,
  val totalCount : Int? = null
)

@Serializable
data class SearchIssues(
  val items : List<SearchIssuesItemsItems>? = null,
  val totalCount : Int? = null
)

@Serializable
data class SearchIssuesByKeyword(
  val issues : List<SearchIssuesByKeywordIssuesItems>? = null
)

@Serializable
data class SearchRepositories(
  val items : List<Repo>? = null,
  val totalCount : Int? = null
)

@Serializable
data class SearchRepositoriesByKeyword(
  val repositories : List<Repo>? = null
)

@Serializable
data class SearchUserByEmail(
  val user : User? = null
)

@Serializable
data class SearchUsers(
  val items : Users? = null,
  val totalCount : Int? = null
)

@Serializable
data class SearchUsersByKeyword(
  val users : Users? = null
)

@Serializable
data class Subscription(
  val createdAt : String? = null,
  val ignored : Boolean? = null,
  val reason : String? = null,
  val repositoryUrl : String? = null,
  val subscribed : Boolean? = null,
  val threadUrl : String? = null,
  val url : String? = null
)

@Serializable
data class SubscriptionBody(
  val ignored : Boolean? = null,
  val subscribed : Boolean? = null
)

@Serializable
data class Tag(
  val message : String? = null,
  val `object` : TagObject? = null,
  val sha : String? = null,
  val tag : String? = null,
  val tagger : TagTagger? = null,
  val url : String? = null
)

@Serializable
data class TagBody(
  val message : String,
  val `object` : String,
  val tag : String,
  val tagger : TagBodyTagger,
  val type : String
)

typealias Tags = List<Tag>


@Serializable
data class Team(
  val id : Int? = null,
  val membersCount : Int? = null,
  val name : String? = null,
  val permission : String? = null,
  val reposCount : Int? = null,
  val url : String? = null
)

@Serializable
data class TeamMembership(
  val state : String? = null,
  val url : String? = null
)

@Serializable
data class Teams(
  val name : String? = null,
  val id : Int? = null,
  val url : String? = null
)

@Serializable
data class TeamsList(
  val reposCount : Int? = null,
  val organization : TeamsListOrganization? = null,
  val name : String? = null,
  val membersCount : Int? = null,
  val permission : String? = null,
  val id : Int? = null,
  val url : String? = null
)

@Serializable
data class Tree(
  val sha : String? = null,
  val tree : List<TreeTreeItems>? = null,
  val url : String? = null
)

@Serializable
data class Trees(
  val baseTree : String? = null,
  val sha : String? = null,
  val tree : List<Tree>? = null,
  val url : String? = null
)

@Serializable
data class User(
  val avatarUrl : String? = null,
  val bio : String? = null,
  val blog : String? = null,
  val collaborators : Int? = null,
  val company : String? = null,
  val createdAt : String? = null,
  val diskUsage : Int? = null,
  val email : String? = null,
  val followers : Int? = null,
  val followersUrl : String? = null,
  val following : Int? = null,
  val followingUrl : String? = null,
  val gistsUrl : String? = null,
  val gravatarId : String? = null,
  val hireable : Boolean? = null,
  val htmlUrl : String? = null,
  val id : Int? = null,
  val location : String? = null,
  val login : String? = null,
  val name : String? = null,
  val organizationsUrl : String? = null,
  val ownedPrivateRepos : Int? = null,
  val plan : UserPlan? = null,
  val privateGists : Int? = null,
  val publicGists : Int? = null,
  val publicRepos : Int? = null,
  val starredUrl : String? = null,
  val subscriptionsUrl : String? = null,
  val totalPrivateRepos : Int? = null,
  val type : String? = null,
  val updatedAt : String? = null,
  val url : String? = null
)

typealias UserEmails = List<String>


@Serializable
data class UserKeysKeyId(
  val id : Int? = null,
  val key : String? = null,
  val title : String? = null,
  val url : String? = null
)

@Serializable
data class UserKeysPost(
  val key : String? = null,
  val title : String? = null
)

@Serializable
data class UserUpdate(
  val bio : String? = null,
  val blog : String? = null,
  val company : String? = null,
  val email : String? = null,
  val hireable : Boolean? = null,
  val location : String? = null,
  val name : String? = null
)

typealias Users = List<User>


@Serializable
data class ActorPlan(
  val privateRepos : Int? = null,
  val name : String? = null,
  val collaborators : Int? = null,
  val space : Int? = null
)

@Serializable
data class BranchLinks(
  val self : String? = null,
  val html : String? = null
)

@Serializable
data class BranchCommitCommitCommitter(
  val date : String? = null,
  val name : String? = null,
  val email : String? = null
)

@Serializable
data class BranchCommitCommitAuthor(
  val date : String? = null,
  val name : String? = null,
  val email : String? = null
)

@Serializable
data class BranchCommitCommitTree(
  val sha : String? = null,
  val url : String? = null
)

@Serializable
data class BranchCommitCommit(
  val committer : BranchCommitCommitCommitter? = null,
  val author : BranchCommitCommitAuthor? = null,
  val tree : BranchCommitCommitTree? = null,
  val message : String? = null,
  val url : String? = null
)

@Serializable
data class BranchCommitParentsItems(
  val sha : String? = null,
  val url : String? = null
)

@Serializable
data class BranchCommit(
  val committer : User? = null,
  val author : User? = null,
  val commit : BranchCommitCommit? = null,
  val sha : String? = null,
  val url : String? = null,
  val parents : List<BranchCommitParentsItems>? = null
)

@Serializable
data class BranchesCommit(
  val sha : String? = null,
  val url : String? = null
)

@Serializable
data class CommitCommitCommitter(
  val date : String? = null,
  val name : String? = null,
  val email : String? = null
)

@Serializable
data class CommitCommitAuthor(
  val date : String? = null,
  val name : String? = null,
  val email : String? = null
)

@Serializable
data class CommitCommitTree(
  val sha : String? = null,
  val url : String? = null
)

@Serializable
data class CommitCommit(
  val committer : CommitCommitCommitter? = null,
  val author : CommitCommitAuthor? = null,
  val tree : CommitCommitTree? = null,
  val message : String? = null,
  val url : String? = null
)

@Serializable
data class CommitFilesItems(
  val patch : String? = null,
  val filename : String? = null,
  val additions : Int? = null,
  val deletions : Int? = null,
  val changes : Int? = null,
  val blobUrl : String? = null,
  val rawUrl : String? = null,
  val status : String? = null
)

@Serializable
data class CommitParentsItems(
  val sha : String? = null,
  val url : String? = null
)

@Serializable
data class CommitStats(
  val total : Int? = null,
  val additions : Int? = null,
  val deletions : Int? = null
)

@Serializable
data class CommitsCommitCommitter(
  val date : String? = null,
  val name : String? = null,
  val email : String? = null
)

@Serializable
data class CommitsCommitAuthor(
  val date : String? = null,
  val name : String? = null,
  val email : String? = null
)

@Serializable
data class CommitsCommitTree(
  val sha : String? = null,
  val url : String? = null
)

@Serializable
data class CommitsCommit(
  val committer : CommitsCommitCommitter? = null,
  val author : CommitsCommitAuthor? = null,
  val tree : CommitsCommitTree? = null,
  val message : String? = null,
  val url : String? = null
)

@Serializable
data class CommitsParentsItems(
  val sha : String? = null,
  val url : String? = null
)

@Serializable
data class CompareCommitsBaseCommitCommitCommitter(
  val date : String? = null,
  val name : String? = null,
  val email : String? = null
)

@Serializable
data class CompareCommitsBaseCommitCommitAuthor(
  val date : String? = null,
  val name : String? = null,
  val email : String? = null
)

@Serializable
data class CompareCommitsBaseCommitCommitTree(
  val sha : String? = null,
  val url : String? = null
)

@Serializable
data class CompareCommitsBaseCommitCommit(
  val committer : CompareCommitsBaseCommitCommitCommitter? = null,
  val author : CompareCommitsBaseCommitCommitAuthor? = null,
  val tree : CompareCommitsBaseCommitCommitTree? = null,
  val message : String? = null,
  val url : String? = null
)

@Serializable
data class CompareCommitsBaseCommitParentsItems(
  val sha : String? = null,
  val url : String? = null
)

@Serializable
data class CompareCommitsBaseCommit(
  val committer : User? = null,
  val author : User? = null,
  val commit : CompareCommitsBaseCommitCommit? = null,
  val sha : String? = null,
  val url : String? = null,
  val parents : List<CompareCommitsBaseCommitParentsItems>? = null
)

@Serializable
data class CompareCommitsCommitsItemsCommitCommitter(
  val date : String? = null,
  val name : String? = null,
  val email : String? = null
)

@Serializable
data class CompareCommitsCommitsItemsCommitAuthor(
  val date : String? = null,
  val name : String? = null,
  val email : String? = null
)

@Serializable
data class CompareCommitsCommitsItemsCommitTree(
  val sha : String? = null,
  val url : String? = null
)

@Serializable
data class CompareCommitsCommitsItemsCommit(
  val committer : CompareCommitsCommitsItemsCommitCommitter? = null,
  val author : CompareCommitsCommitsItemsCommitAuthor? = null,
  val tree : CompareCommitsCommitsItemsCommitTree? = null,
  val message : String? = null,
  val url : String? = null
)

@Serializable
data class CompareCommitsCommitsItemsParentsItems(
  val sha : String? = null,
  val url : String? = null
)

@Serializable
data class CompareCommitsCommitsItems(
  val committer : User? = null,
  val author : User? = null,
  val commit : CompareCommitsCommitsItemsCommit? = null,
  val sha : String? = null,
  val url : String? = null,
  val parents : List<CompareCommitsCommitsItemsParentsItems>? = null
)

@Serializable
data class CompareCommitsFilesItems(
  val patch : String? = null,
  val filename : String? = null,
  val additions : Int? = null,
  val deletions : Int? = null,
  val changes : Int? = null,
  val blobUrl : String? = null,
  val sha : String? = null,
  val rawUrl : String? = null,
  val contentsUrl : String? = null,
  val status : String? = null
)

@Serializable
data class ContentsPathLinks(
  val git : String? = null,
  val self : String? = null,
  val html : String? = null
)

@Serializable
data class ContributorsStatsWeeksItems(
  val a : Int? = null,
  val c : Int? = null,
  val d : Int? = null,
  val w : String? = null
)

@Serializable
data class ContributorsStatsAuthor(
  val avatarUrl : String? = null,
  val id : Int? = null,
  val login : String? = null,
  val gravatarId : String? = null,
  val url : String? = null
)

@Serializable
data class CreateFileCommitCommitter(
  val date : String? = null,
  val name : String? = null,
  val email : String? = null
)

@Serializable
data class CreateFileCommitAuthor(
  val date : String? = null,
  val name : String? = null,
  val email : String? = null
)

@Serializable
data class CreateFileCommitTree(
  val sha : String? = null,
  val url : String? = null
)

@Serializable
data class CreateFileCommitParentsItems(
  val htmlUrl : String? = null,
  val sha : String? = null,
  val url : String? = null
)

@Serializable
data class CreateFileCommit(
  val committer : CreateFileCommitCommitter? = null,
  val author : CreateFileCommitAuthor? = null,
  val htmlUrl : String? = null,
  val tree : CreateFileCommitTree? = null,
  val message : String? = null,
  val sha : String? = null,
  val url : String? = null,
  val parents : List<CreateFileCommitParentsItems>? = null
)

@Serializable
data class CreateFileContentLinks(
  val git : String? = null,
  val self : String? = null,
  val html : String? = null
)

@Serializable
data class CreateFileContent(
  val path : String? = null,
  val size : Int? = null,
  val Links : CreateFileContentLinks? = null,
  val htmlUrl : String? = null,
  val name : String? = null,
  val gitUrl : String? = null,
  val type : String? = null,
  val sha : String? = null,
  val url : String? = null
)

@Serializable
data class CreateFileBodyCommitter(
  val name : String? = null,
  val email : String? = null
)

@Serializable
data class DeleteFileCommitCommitter(
  val date : String? = null,
  val name : String? = null,
  val email : String? = null
)

@Serializable
data class DeleteFileCommitAuthor(
  val date : String? = null,
  val name : String? = null,
  val email : String? = null
)

@Serializable
data class DeleteFileCommitTree(
  val sha : String? = null,
  val url : String? = null
)

@Serializable
data class DeleteFileCommitParents(
  val htmlUrl : String? = null,
  val sha : String? = null,
  val url : String? = null
)

@Serializable
data class DeleteFileCommit(
  val committer : DeleteFileCommitCommitter? = null,
  val author : DeleteFileCommitAuthor? = null,
  val htmlUrl : String? = null,
  val tree : DeleteFileCommitTree? = null,
  val message : String? = null,
  val sha : String? = null,
  val url : String? = null,
  val parents : DeleteFileCommitParents? = null
)

@Serializable
data class DeleteFileBodyCommitter(
  val name : String? = null,
  val email : String? = null
)

@Serializable
data class DeploymentPayload(
  val roomId : Int? = null,
  val environment : String? = null,
  val deployUser : String? = null
)

@Serializable
data class EventRepo(
  val name : String? = null,
  val id : Int? = null,
  val url : String? = null
)

@Serializable
data class FeedsLinksCurrentUserOrganization(
  val href : String? = null,
  val type : String? = null
)

@Serializable
data class FeedsLinksCurrentUserActor(
  val href : String? = null,
  val type : String? = null
)

@Serializable
data class FeedsLinksTimeline(
  val href : String? = null,
  val type : String? = null
)

@Serializable
data class FeedsLinksUser(
  val href : String? = null,
  val type : String? = null
)

@Serializable
data class FeedsLinksCurrentUserPublic(
  val href : String? = null,
  val type : String? = null
)

@Serializable
data class FeedsLinksCurrentUser(
  val href : String? = null,
  val type : String? = null
)

@Serializable
data class FeedsLinks(
  val currentUserOrganization : FeedsLinksCurrentUserOrganization? = null,
  val currentUserActor : FeedsLinksCurrentUserActor? = null,
  val timeline : FeedsLinksTimeline? = null,
  val user : FeedsLinksUser? = null,
  val currentUserPublic : FeedsLinksCurrentUserPublic? = null,
  val currentUser : FeedsLinksCurrentUser? = null
)

@Serializable
data class GistFilesRingErl(
  val filename : String? = null,
  val size : Int? = null,
  val rawUrl : String? = null
)

@Serializable
data class GistFiles(
  val ringErl : GistFilesRingErl? = null
)

@Serializable
data class GistForksItems(
  val createdAt : String? = null,
  val user : User? = null,
  val url : String? = null
)

@Serializable
data class GistHistoryItemsChangeStatus(
  val total : Int? = null,
  val additions : Int? = null,
  val deletions : Int? = null
)

@Serializable
data class GistHistoryItems(
  val committedAt : String? = null,
  val changeStatus : GistHistoryItemsChangeStatus? = null,
  val user : User? = null,
  val version : String? = null,
  val url : String? = null
)

@Serializable
data class GistsFilesRingErl(
  val filename : String? = null,
  val size : Int? = null,
  val rawUrl : String? = null
)

@Serializable
data class GistsFiles(
  val ringErl : GistsFilesRingErl? = null
)

@Serializable
data class GitCommitAuthor(
  val date : String? = null,
  val name : String? = null,
  val email : String? = null
)

@Serializable
data class HeadBranchObject(
  val type : String? = null,
  val sha : String? = null,
  val url : String? = null
)

@Serializable
data class HookConfig(
  val contentType : String? = null,
  val url : String? = null
)

@Serializable
data class IssueEventIssuePullRequest(
  val patchUrl : String? = null,
  val htmlUrl : String? = null,
  val diffUrl : String? = null
)

@Serializable
data class IssueEventIssueLabelsItems(
  val color : String? = null,
  val name : String? = null,
  val url : String? = null
)

@Serializable
data class IssueEventIssueMilestone(
  val number : Int? = null,
  val creator : User? = null,
  val createdAt : String? = null,
  val description : String? = null,
  val state : String? = null,
  val closedIssues : Int? = null,
  val openIssues : Int? = null,
  val title : String? = null,
  val dueOn : String? = null,
  val url : String? = null
)

@Serializable
data class IssueEventIssue(
  val pullRequest : IssueEventIssuePullRequest? = null,
  val closedAt : String? = null,
  val comments : Int? = null,
  val createdAt : String? = null,
  val body : String? = null,
  val title : String? = null,
  val url : String? = null,
  val labels : List<IssueEventIssueLabelsItems>? = null,
  val number : Int? = null,
  val milestone : IssueEventIssueMilestone? = null,
  val updatedAt : String? = null,
  val htmlUrl : String? = null,
  val assignee : User? = null,
  val state : String? = null,
  val user : User? = null
)

@Serializable
data class IssuesPullRequest(
  val patchUrl : String? = null,
  val htmlUrl : String? = null,
  val diffUrl : String? = null
)

@Serializable
data class IssuesLabelsItems(
  val color : String? = null,
  val name : String? = null,
  val url : String? = null
)

@Serializable
data class IssuesMilestone(
  val number : Int? = null,
  val creator : User? = null,
  val createdAt : String? = null,
  val description : String? = null,
  val state : String? = null,
  val closedIssues : Int? = null,
  val openIssues : Int? = null,
  val title : String? = null,
  val dueOn : String? = null,
  val url : String? = null
)

@Serializable
data class IssuesCommentsLinksPullRequest(
  val href : String? = null
)

@Serializable
data class IssuesCommentsLinksSelf(
  val href : String? = null
)

@Serializable
data class IssuesCommentsLinksHtml(
  val href : String? = null
)

@Serializable
data class IssuesCommentsLinks(
  val pullRequest : IssuesCommentsLinksPullRequest? = null,
  val self : IssuesCommentsLinksSelf? = null,
  val html : IssuesCommentsLinksHtml? = null
)

@Serializable
data class MergesSuccessfulCommitCommitter(
  val date : String? = null,
  val name : String? = null,
  val email : String? = null
)

@Serializable
data class MergesSuccessfulCommitAuthor(
  val date : String? = null,
  val name : String? = null,
  val email : String? = null
)

@Serializable
data class MergesSuccessfulCommitTree(
  val sha : String? = null,
  val url : String? = null
)

@Serializable
data class MergesSuccessfulCommit(
  val commentCount : Int? = null,
  val committer : MergesSuccessfulCommitCommitter? = null,
  val author : MergesSuccessfulCommitAuthor? = null,
  val tree : MergesSuccessfulCommitTree? = null,
  val message : String? = null,
  val url : String? = null
)

@Serializable
data class MergesSuccessfulParentsItems(
  val sha : String? = null,
  val url : String? = null
)

@Serializable
data class NotificationsRepository(
  val owner : Actor? = null,
  val fork : Boolean? = null,
  val private : Boolean? = null,
  val fullName : String? = null,
  val htmlUrl : String? = null,
  val name : String? = null,
  val description : String? = null,
  val id : Int? = null,
  val url : String? = null
)

@Serializable
data class NotificationsSubject(
  val latestCommentUrl : String? = null,
  val title : String? = null,
  val type : String? = null,
  val url : String? = null
)

@Serializable
data class OrganizationPlan(
  val privateRepos : Int? = null,
  val name : String? = null,
  val collaborators : Int? = null,
  val space : Int? = null
)

@Serializable
data class OrganizationAsTeamMemberErrorsItems(
  val code : String? = null,
  val field : String? = null,
  val resource : String? = null
)

@Serializable
data class PatchGistFilesNewFileTxt(
  val content : String? = null
)

@Serializable
data class PatchGistFilesFile1Txt(
  val content : String? = null
)

@Serializable
data class PatchGistFilesOldNameTxt(
  val filename : String? = null,
  val content : String? = null
)

@Serializable
data class PatchGistFiles(
  val deleteThisFileTxt : String? = null,
  val newFileTxt : PatchGistFilesNewFileTxt? = null,
  val file1Txt : PatchGistFilesFile1Txt? = null,
  val oldNameTxt : PatchGistFilesOldNameTxt? = null
)

@Serializable
data class PostGistFilesFile1Txt(
  val content : String? = null
)

@Serializable
data class PostGistFiles(
  val file1Txt : PostGistFilesFile1Txt? = null
)

@Serializable
data class PullRequestLinksComments(
  val href : String? = null
)

@Serializable
data class PullRequestLinksReviewComments(
  val href : String? = null
)

@Serializable
data class PullRequestLinksSelf(
  val href : String? = null
)

@Serializable
data class PullRequestLinksHtml(
  val href : String? = null
)

@Serializable
data class PullRequestLinks(
  val comments : PullRequestLinksComments? = null,
  val reviewComments : PullRequestLinksReviewComments? = null,
  val self : PullRequestLinksSelf? = null,
  val html : PullRequestLinksHtml? = null
)

@Serializable
data class PullRequestBaseUser(
  val avatarUrl : String? = null,
  val id : Int? = null,
  val login : String? = null,
  val gravatarId : String? = null,
  val url : String? = null
)

@Serializable
data class PullRequestBase(
  val ref : String? = null,
  val repo : Repo? = null,
  val label : String? = null,
  val sha : String? = null,
  val user : PullRequestBaseUser? = null
)

@Serializable
data class PullRequestHeadUser(
  val avatarUrl : String? = null,
  val id : Int? = null,
  val login : String? = null,
  val gravatarId : String? = null,
  val url : String? = null
)

@Serializable
data class PullRequestHead(
  val ref : String? = null,
  val repo : Repo? = null,
  val label : String? = null,
  val sha : String? = null,
  val user : PullRequestHeadUser? = null
)

@Serializable
data class PullRequestMergedBy(
  val avatarUrl : String? = null,
  val id : Int? = null,
  val login : String? = null,
  val gravatarId : String? = null,
  val url : String? = null
)

@Serializable
data class PullRequestUser(
  val avatarUrl : String? = null,
  val id : Int? = null,
  val login : String? = null,
  val gravatarId : String? = null,
  val url : String? = null
)

@Serializable
data class PullsLinksComments(
  val href : String? = null
)

@Serializable
data class PullsLinksReviewComments(
  val href : String? = null
)

@Serializable
data class PullsLinksSelf(
  val href : String? = null
)

@Serializable
data class PullsLinksHtml(
  val href : String? = null
)

@Serializable
data class PullsLinks(
  val comments : PullsLinksComments? = null,
  val reviewComments : PullsLinksReviewComments? = null,
  val self : PullsLinksSelf? = null,
  val html : PullsLinksHtml? = null
)

@Serializable
data class PullsHeadUser(
  val avatarUrl : String? = null,
  val id : Int? = null,
  val login : String? = null,
  val gravatarId : String? = null,
  val url : String? = null
)

@Serializable
data class PullsHead(
  val ref : String? = null,
  val repo : Repo? = null,
  val label : String? = null,
  val sha : String? = null,
  val user : PullsHeadUser? = null
)

@Serializable
data class PullsUser(
  val avatarUrl : String? = null,
  val id : Int? = null,
  val login : String? = null,
  val gravatarId : String? = null,
  val url : String? = null
)

@Serializable
data class PullsBaseUser(
  val avatarUrl : String? = null,
  val id : Int? = null,
  val login : String? = null,
  val gravatarId : String? = null,
  val url : String? = null
)

@Serializable
data class PullsBase(
  val ref : String? = null,
  val repo : Repo? = null,
  val label : String? = null,
  val sha : String? = null,
  val user : PullsBaseUser? = null
)

@Serializable
data class PullsCommentLinksPullRequest(
  val href : String? = null
)

@Serializable
data class PullsCommentLinksSelf(
  val href : String? = null
)

@Serializable
data class PullsCommentLinksHtml(
  val href : String? = null
)

@Serializable
data class PullsCommentLinks(
  val pullRequest : PullsCommentLinksPullRequest? = null,
  val self : PullsCommentLinksSelf? = null,
  val html : PullsCommentLinksHtml? = null
)

@Serializable
data class PullsCommentUser(
  val avatarUrl : String? = null,
  val id : Int? = null,
  val login : String? = null,
  val gravatarId : String? = null,
  val url : String? = null
)

@Serializable
data class PullsCommentsLinksPullRequest(
  val href : String? = null
)

@Serializable
data class PullsCommentsLinksSelf(
  val href : String? = null
)

@Serializable
data class PullsCommentsLinksHtml(
  val href : String? = null
)

@Serializable
data class PullsCommentsLinks(
  val pullRequest : PullsCommentsLinksPullRequest? = null,
  val self : PullsCommentsLinksSelf? = null,
  val html : PullsCommentsLinksHtml? = null
)

@Serializable
data class PullsCommentsUser(
  val avatarUrl : String? = null,
  val id : Int? = null,
  val login : String? = null,
  val gravatarId : String? = null,
  val url : String? = null
)

@Serializable
data class RateLimitRate(
  val limit : Int? = null,
  val reset : Int? = null,
  val remaining : Int? = null
)

@Serializable
data class RefCreator(
  val avatarUrl : String? = null,
  val id : Int? = null,
  val login : String? = null,
  val gravatarId : String? = null,
  val url : String? = null
)

@Serializable
data class RefStatusStatusesItems(
  val updatedAt : String? = null,
  val targetUrl : String? = null,
  val context : String? = null,
  val createdAt : String? = null,
  val description : String? = null,
  val id : Int? = null,
  val state : String? = null,
  val url : String? = null
)

@Serializable
data class RefsObject(
  val type : String? = null,
  val sha : String? = null,
  val url : String? = null
)

@Serializable
data class ReleaseAssetsItems(
  val contentType : String? = null,
  val size : Int? = null,
  val updatedAt : String? = null,
  val uploader : User? = null,
  val name : String? = null,
  val createdAt : String? = null,
  val id : Int? = null,
  val label : String? = null,
  val state : String? = null,
  val url : String? = null,
  val downloadCount : Int? = null
)

@Serializable
data class ReleasesAssetsItems(
  val contentType : String? = null,
  val size : Int? = null,
  val updatedAt : String? = null,
  val uploader : User? = null,
  val name : String? = null,
  val createdAt : String? = null,
  val id : Int? = null,
  val label : String? = null,
  val state : String? = null,
  val url : String? = null,
  val downloadCount : Int? = null
)

@Serializable
data class RepoCommitAuthor(
  val date : String? = null,
  val name : String? = null,
  val email : String? = null
)

@Serializable
data class RepoCommitCommitter(
  val date : String? = null,
  val name : String? = null,
  val email : String? = null
)

@Serializable
data class RepoCommitParentsItems(
  val sha : String? = null,
  val url : String? = null
)

@Serializable
data class RepoCommitTree(
  val sha : String? = null,
  val url : String? = null
)

@Serializable
data class RepoCommitBodyAuthor(
  val date : String? = null,
  val name : String? = null,
  val email : String? = null
)

@Serializable
data class SearchCodeItemsItemsRepository(
  val tagsUrl : String? = null,
  val contributorsUrl : String? = null,
  val private : Boolean? = null,
  val notificationsUrl : String? = null,
  val description : String? = null,
  val subscriptionUrl : String? = null,
  val branchesUrl : String? = null,
  val keysUrl : String? = null,
  val issueCommentUrl : String? = null,
  val labelsUrl : String? = null,
  val subscribersUrl : String? = null,
  val commentsUrl : String? = null,
  val stargazersUrl : String? = null,
  val id : Int? = null,
  val owner : Actor? = null,
  val archiveUrl : String? = null,
  val commitsUrl : String? = null,
  val gitRefsUrl : String? = null,
  val compareUrl : String? = null,
  val forksUrl : String? = null,
  val statusesUrl : String? = null,
  val gitCommitsUrl : String? = null,
  val blobsUrl : String? = null,
  val gitTagsUrl : String? = null,
  val mergesUrl : String? = null,
  val downloadsUrl : String? = null,
  val url : String? = null,
  val contentsUrl : String? = null,
  val milestonesUrl : String? = null,
  val teamsUrl : String? = null,
  val fork : Boolean? = null,
  val issuesUrl : String? = null,
  val fullName : String? = null,
  val eventsUrl : String? = null,
  val issueEventsUrl : String? = null,
  val languagesUrl : String? = null,
  val collaboratorsUrl : String? = null,
  val htmlUrl : String? = null,
  val name : String? = null,
  val pullsUrl : String? = null,
  val hooksUrl : String? = null,
  val assigneesUrl : String? = null,
  val treesUrl : String? = null
)

@Serializable
data class SearchCodeItemsItems(
  val path : String? = null,
  val score : Int? = null,
  val htmlUrl : String? = null,
  val name : String? = null,
  val gitUrl : String? = null,
  val repository : SearchCodeItemsItemsRepository? = null,
  val sha : String? = null,
  val url : String? = null
)

@Serializable
data class SearchIssuesItemsItemsLabelsItems(
  val color : String? = null,
  val name : String? = null,
  val url : String? = null
)

@Serializable
data class SearchIssuesItemsItems(
  val pullRequest : Map<String, String>? = null,
  val comments : Int? = null,
  val createdAt : String? = null,
  val body : String? = null,
  val title : String? = null,
  val url : String? = null,
  val labels : List<SearchIssuesItemsItemsLabelsItems>? = null,
  val labelsUrl : String? = null,
  val number : Int? = null,
  val score : Int? = null,
  val updatedAt : String? = null,
  val eventsUrl : String? = null,
  val htmlUrl : String? = null,
  val commentsUrl : String? = null,
  val id : Int? = null,
  val state : String? = null,
  val user : User? = null
)

@Serializable
data class SearchIssuesByKeywordIssuesItems(
  val comments : Int? = null,
  val createdAt : String? = null,
  val body : String? = null,
  val title : String? = null,
  val labels : List<String>? = null,
  val number : Int? = null,
  val updatedAt : String? = null,
  val htmlUrl : String? = null,
  val votes : Int? = null,
  val position : Int? = null,
  val state : String? = null,
  val gravatarId : String? = null,
  val user : String? = null
)

@Serializable
data class TagObject(
  val type : String? = null,
  val sha : String? = null,
  val url : String? = null
)

@Serializable
data class TagTagger(
  val date : String? = null,
  val name : String? = null,
  val email : String? = null
)

@Serializable
data class TagBodyTagger(
  val date : String? = null,
  val name : String? = null,
  val email : String? = null
)

@Serializable
data class TeamsListOrganization(
  val avatarUrl : String? = null,
  val id : Int? = null,
  val login : String? = null,
  val url : String? = null
)

@Serializable
data class TreeTreeItems(
  val mode : String? = null,
  val path : String? = null,
  val size : Int? = null,
  val type : String? = null,
  val sha : String? = null,
  val url : String? = null
)

@Serializable
data class UserPlan(
  val privateRepos : Int? = null,
  val name : String? = null,
  val collaborators : Int? = null,
  val space : Int? = null
)