package org.iuv.test.models

import kotlinx.serialization.Serializable
import kotlinx.serialization.SerialName

/**
 * A user or organization
 */
@Serializable
data class Actor(

    @SerialName("avatar_url")
    val avatarUrl : String? = null,

    @SerialName("bio")
    val bio : String? = null,

    /**
     * The website URL from the profile page
     */
    @SerialName("blog")
    val blog : String? = null,

    @SerialName("collaborators")
    val collaborators : Int? = null,

    @SerialName("company")
    val company : String? = null,

    /**
     * ISO 8601 format: YYYY-MM-DDTHH:MM:SSZ
     */
    @SerialName("created_at")
    val createdAt : String? = null,

    @SerialName("disk_usage")
    val diskUsage : Int? = null,

    /**
     * Note: The returned email is the user’s publicly visible email address (or null if the user has not specified a public email address in their profile).
     */
    @SerialName("email")
    val email : String? = null,

    @SerialName("followers")
    val followers : Int? = null,

    @SerialName("followers_url")
    val followersUrl : String? = null,

    @SerialName("following")
    val following : Int? = null,

    @SerialName("following_url")
    val followingUrl : String? = null,

    @SerialName("gists_url")
    val gistsUrl : String? = null,

    @SerialName("gravatar_id")
    val gravatarId : String? = null,

    @SerialName("hireable")
    val hireable : Boolean? = null,

    @SerialName("html_url")
    val htmlUrl : String? = null,

    @SerialName("id")
    val id : Int? = null,

    @SerialName("location")
    val location : String? = null,

    /**
     * The account username
     */
    @SerialName("login")
    val login : String? = null,

    /**
     * The full account name
     */
    @SerialName("name")
    val name : String? = null,

    @SerialName("organizations_url")
    val organizationsUrl : String? = null,

    @SerialName("owned_private_repos")
    val ownedPrivateRepos : Int? = null,

    @SerialName("plan")
    val plan : ActorPlan? = null,

    @SerialName("private_gists")
    val privateGists : Int? = null,

    @SerialName("public_gists")
    val publicGists : Int? = null,

    @SerialName("public_repos")
    val publicRepos : Int? = null,

    @SerialName("starred_url")
    val starredUrl : String? = null,

    @SerialName("subscriptions_url")
    val subscriptionsUrl : String? = null,

    @SerialName("total_private_repos")
    val totalPrivateRepos : Int? = null,

    @SerialName("type")
    val type : String? = null,

    /**
     * ISO 8601 format: YYYY-MM-DDTHH:MM:SSZ
     */
    @SerialName("updated_at")
    val updatedAt : String? = null,

    @SerialName("url")
    val url : String? = null
)

@Serializable
data class Asset(

    @SerialName("content_type")
    val contentType : String? = null,

    @SerialName("created_at")
    val createdAt : String? = null,

    @SerialName("download_count")
    val downloadCount : Int? = null,

    @SerialName("id")
    val id : Int? = null,

    @SerialName("label")
    val label : String? = null,

    @SerialName("name")
    val name : String? = null,

    @SerialName("size")
    val size : Int? = null,

    @SerialName("state")
    val state : String? = null,

    @SerialName("updated_at")
    val updatedAt : String? = null,

    @SerialName("uploader")
    val uploader : User? = null,

    @SerialName("url")
    val url : String? = null
)

@Serializable
data class AssetPatch(

    @SerialName("label")
    val label : String? = null,

    @SerialName("name")
    val name : String
)

@Serializable
data class Blob(

    @SerialName("content")
    val content : String? = null,

    @SerialName("encoding")
    val encoding : String? = null,

    @SerialName("sha")
    val sha : String? = null,

    @SerialName("size")
    val size : Int? = null
)

@Serializable
data class Blobs(

    @SerialName("sha")
    val sha : String? = null
)

@Serializable
data class Branch(

    @SerialName("_links")
    val Links : BranchLinks? = null,

    @SerialName("commit")
    val commit : BranchCommit? = null,

    @SerialName("name")
    val name : String? = null
)

@Serializable
data class Branches(

    @SerialName("commit")
    val commit : BranchesCommit? = null,

    @SerialName("name")
    val name : String? = null
)

@Serializable
data class Comment(

    @SerialName("body")
    val body : String? = null
)

@Serializable
data class CommentBody(

    @SerialName("body")
    val body : String
)

@Serializable
data class Comments(

    /**
     * ISO 8601.
     */
    @SerialName("created_at")
    val createdAt : String? = null,

    @SerialName("id")
    val id : Int? = null,

    @SerialName("body")
    val body : String? = null,

    @SerialName("user")
    val user : User? = null,

    @SerialName("url")
    val url : String? = null
)

@Serializable
data class Commit(

    @SerialName("author")
    val author : User? = null,

    @SerialName("commit")
    val commit : CommitCommit? = null,

    @SerialName("committer")
    val committer : User? = null,

    @SerialName("files")
    val files : List<CommitFilesItems>? = null,

    @SerialName("parents")
    val parents : List<CommitParentsItems>? = null,

    @SerialName("sha")
    val sha : String? = null,

    @SerialName("stats")
    val stats : CommitStats? = null,

    @SerialName("url")
    val url : String? = null
)

@Serializable
data class CommitActivityStats(

    @SerialName("total")
    val total : Int? = null,

    @SerialName("week")
    val week : Int? = null,

    @SerialName("days")
    val days : List<Int>? = null
)

@Serializable
data class CommitComment(

    @SerialName("body")
    val body : String? = null,

    @SerialName("commit_id")
    val commitId : String? = null,

    /**
     * ISO 8601 format: YYYY-MM-DDTHH:MM:SSZ
     */
    @SerialName("created_at")
    val createdAt : String? = null,

    @SerialName("html_url")
    val htmlUrl : String? = null,

    @SerialName("id")
    val id : Int? = null,

    @SerialName("line")
    val line : Int? = null,

    @SerialName("path")
    val path : String? = null,

    @SerialName("position")
    val position : Int? = null,

    /**
     * ISO 8601 format: YYYY-MM-DDTHH:MM:SSZ
     */
    @SerialName("updated_at")
    val updatedAt : String? = null,

    @SerialName("url")
    val url : String? = null,

    @SerialName("user")
    val user : User? = null
)

@Serializable
data class CommitCommentBody(

    @SerialName("body")
    val body : String,

    /**
     * Deprecated - Use position parameter instead.
     */
    @SerialName("line")
    val line : String? = null,

    /**
     * Line number in the file to comment on. Defaults to null.
     */
    @SerialName("number")
    val number : String? = null,

    /**
     * Relative path of the file to comment on.
     */
    @SerialName("path")
    val path : String? = null,

    /**
     * Line index in the diff to comment on.
     */
    @SerialName("position")
    val position : Int? = null,

    /**
     * SHA of the commit to comment on.
     */
    @SerialName("sha")
    val sha : String
)

@Serializable
data class Commits(

    @SerialName("committer")
    val committer : User? = null,

    @SerialName("author")
    val author : User? = null,

    @SerialName("commit")
    val commit : CommitsCommit? = null,

    @SerialName("sha")
    val sha : String? = null,

    @SerialName("url")
    val url : String? = null,

    @SerialName("parents")
    val parents : List<CommitsParentsItems>? = null
)

@Serializable
data class CompareCommits(

    @SerialName("ahead_by")
    val aheadBy : Int? = null,

    @SerialName("base_commit")
    val baseCommit : CompareCommitsBaseCommit? = null,

    @SerialName("behind_by")
    val behindBy : Int? = null,

    @SerialName("commits")
    val commits : List<CompareCommitsCommitsItems>? = null,

    @SerialName("diff_url")
    val diffUrl : String? = null,

    @SerialName("files")
    val files : List<CompareCommitsFilesItems>? = null,

    @SerialName("html_url")
    val htmlUrl : String? = null,

    @SerialName("patch_url")
    val patchUrl : String? = null,

    @SerialName("permalink_url")
    val permalinkUrl : String? = null,

    @SerialName("status")
    val status : String? = null,

    @SerialName("total_commits")
    val totalCommits : Int? = null,

    @SerialName("url")
    val url : String? = null
)

@Serializable
data class ContentsPath(

    @SerialName("_links")
    val Links : ContentsPathLinks? = null,

    @SerialName("content")
    val content : String? = null,

    @SerialName("encoding")
    val encoding : String? = null,

    @SerialName("git_url")
    val gitUrl : String? = null,

    @SerialName("html_url")
    val htmlUrl : String? = null,

    @SerialName("name")
    val name : String? = null,

    @SerialName("path")
    val path : String? = null,

    @SerialName("sha")
    val sha : String? = null,

    @SerialName("size")
    val size : Int? = null,

    @SerialName("type")
    val type : String? = null,

    @SerialName("url")
    val url : String? = null
)

@Serializable
data class ContributorsStats(

    /**
     * The Total number of commits authored by the contributor.
     */
    @SerialName("total")
    val total : Int? = null,

    @SerialName("weeks")
    val weeks : List<ContributorsStatsWeeksItems>? = null,

    @SerialName("author")
    val author : ContributorsStatsAuthor? = null
)

@Serializable
data class CreateFile(

    @SerialName("commit")
    val commit : CreateFileCommit? = null,

    @SerialName("content")
    val content : CreateFileContent? = null
)

@Serializable
data class CreateFileBody(

    @SerialName("committer")
    val committer : CreateFileBodyCommitter? = null,

    @SerialName("content")
    val content : String? = null,

    @SerialName("message")
    val message : String? = null
)

@Serializable
data class DeleteFile(

    @SerialName("commit")
    val commit : DeleteFileCommit? = null,

    @SerialName("content")
    val content : String? = null
)

@Serializable
data class DeleteFileBody(

    @SerialName("committer")
    val committer : DeleteFileBodyCommitter? = null,

    @SerialName("message")
    val message : String? = null,

    @SerialName("sha")
    val sha : String? = null
)

@Serializable
data class Deployment(

    @SerialName("description")
    val description : String? = null,

    @SerialName("payload")
    val payload : DeploymentPayload? = null,

    @SerialName("ref")
    val ref : String? = null
)

@Serializable
data class DeploymentResp(

    @SerialName("created_at")
    val createdAt : String? = null,

    @SerialName("creator")
    val creator : User? = null,

    @SerialName("description")
    val description : String? = null,

    @SerialName("id")
    val id : Int? = null,

    @SerialName("payload")
    val payload : String? = null,

    @SerialName("sha")
    val sha : String? = null,

    @SerialName("statuses_url")
    val statusesUrl : String? = null,

    @SerialName("updated_at")
    val updatedAt : String? = null,

    @SerialName("url")
    val url : String? = null
)

@Serializable
data class DeploymentStatuses(

    @SerialName("creator")
    val creator : User? = null,

    @SerialName("updated_at")
    val updatedAt : String? = null,

    @SerialName("payload")
    val payload : String? = null,

    @SerialName("target_url")
    val targetUrl : String? = null,

    @SerialName("created_at")
    val createdAt : String? = null,

    @SerialName("description")
    val description : String? = null,

    @SerialName("id")
    val id : Int? = null,

    @SerialName("state")
    val state : String? = null,

    @SerialName("url")
    val url : String? = null
)

@Serializable
data class DeploymentStatusesCreate(

    @SerialName("description")
    val description : String? = null,

    @SerialName("state")
    val state : String? = null,

    @SerialName("target_url")
    val targetUrl : String? = null
)

@Serializable
data class Download(

    @SerialName("content_type")
    val contentType : String? = null,

    @SerialName("description")
    val description : String? = null,

    @SerialName("download_count")
    val downloadCount : Int? = null,

    @SerialName("html_url")
    val htmlUrl : String? = null,

    @SerialName("id")
    val id : Int? = null,

    @SerialName("name")
    val name : String? = null,

    @SerialName("size")
    val size : Int? = null,

    @SerialName("url")
    val url : String? = null
)

@Serializable
data class EditTeam(

    @SerialName("name")
    val name : String,

    @SerialName("permission")
    val permission : String? = null
)

@Serializable
data class Event(

    @SerialName("actor")
    val actor : Actor? = null,

    @SerialName("created_at")
    val createdAt : Map<String, String>? = null,

    @SerialName("id")
    val id : Int? = null,

    @SerialName("org")
    val org : Organization? = null,

    @SerialName("payload")
    val payload : Map<String, String>? = null,

    @SerialName("public")
    val public : Boolean? = null,

    @SerialName("repo")
    val repo : EventRepo? = null,

    @SerialName("type")
    val type : String? = null
)

@Serializable
data class Feeds(

    @SerialName("_links")
    val Links : FeedsLinks? = null,

    @SerialName("current_user_actor_url")
    val currentUserActorUrl : String? = null,

    @SerialName("current_user_organization_url")
    val currentUserOrganizationUrl : String? = null,

    @SerialName("current_user_public")
    val currentUserPublic : String? = null,

    @SerialName("current_user_url")
    val currentUserUrl : String? = null,

    @SerialName("timeline_url")
    val timelineUrl : String? = null,

    @SerialName("user_url")
    val userUrl : String? = null
)

@Serializable
data class ForkBody(

    @SerialName("organization")
    val organization : String? = null
)

@Serializable
data class Gist(

    @SerialName("comments")
    val comments : Int? = null,

    @SerialName("comments_url")
    val commentsUrl : String? = null,

    /**
     * Timestamp in ISO 8601 format: YYYY-MM-DDTHH:MM:SSZ.
     */
    @SerialName("created_at")
    val createdAt : String? = null,

    @SerialName("description")
    val description : String? = null,

    @SerialName("files")
    val files : GistFiles? = null,

    @SerialName("forks")
    val forks : List<GistForksItems>? = null,

    @SerialName("git_pull_url")
    val gitPullUrl : String? = null,

    @SerialName("git_push_url")
    val gitPushUrl : String? = null,

    @SerialName("history")
    val history : List<GistHistoryItems>? = null,

    @SerialName("html_url")
    val htmlUrl : String? = null,

    @SerialName("id")
    val id : String? = null,

    @SerialName("public")
    val public : Boolean? = null,

    @SerialName("url")
    val url : String? = null,

    @SerialName("user")
    val user : User? = null
)

@Serializable
data class Gists(

    @SerialName("comments")
    val comments : Int? = null,

    @SerialName("git_push_url")
    val gitPushUrl : String? = null,

    @SerialName("public")
    val public : Boolean? = null,

    @SerialName("html_url")
    val htmlUrl : String? = null,

    @SerialName("comments_url")
    val commentsUrl : String? = null,

    @SerialName("git_pull_url")
    val gitPullUrl : String? = null,

    @SerialName("created_at")
    val createdAt : String? = null,

    @SerialName("description")
    val description : String? = null,

    @SerialName("files")
    val files : GistsFiles? = null,

    @SerialName("id")
    val id : String? = null,

    @SerialName("user")
    val user : User? = null,

    @SerialName("url")
    val url : String? = null
)

@Serializable
data class GitCommit(

    @SerialName("author")
    val author : GitCommitAuthor? = null,

    @SerialName("message")
    val message : String? = null,

    @SerialName("parents")
    val parents : String? = null,

    @SerialName("tree")
    val tree : String? = null
)

@Serializable
data class GitRefPatch(

    @SerialName("force")
    val force : Boolean? = null,

    @SerialName("sha")
    val sha : String? = null
)

@Serializable
data class GitignoreLang(

    @SerialName("name")
    val name : String? = null,

    @SerialName("source")
    val source : String? = null
)

@Serializable
data class HeadBranch(

    @SerialName("object")
    val `object` : HeadBranchObject? = null,

    @SerialName("ref")
    val ref : String? = null,

    @SerialName("url")
    val url : String? = null
)

@Serializable
data class Hook(

    /**
     * ISO 8601 format: YYYY-MM-DDTHH:MM:SSZ
     */
    @SerialName("updated_at")
    val updatedAt : String? = null,

    @SerialName("name")
    val name : String? = null,

    @SerialName("active")
    val active : Boolean? = null,

    /**
     * ISO 8601 format: YYYY-MM-DDTHH:MM:SSZ
     */
    @SerialName("created_at")
    val createdAt : String? = null,

    @SerialName("id")
    val id : Int? = null,

    @SerialName("config")
    val config : HookConfig? = null,

    @SerialName("events")
    val events : List<String>? = null,

    @SerialName("url")
    val url : String? = null
)

@Serializable
data class HookBody(

    @SerialName("active")
    val active : Boolean? = null,

    @SerialName("add_events")
    val addEvents : List<String>? = null
)

@Serializable
data class Issue(

    @SerialName("assignee")
    val assignee : String? = null,

    @SerialName("body")
    val body : String? = null,

    @SerialName("labels")
    val labels : List<String>? = null,

    @SerialName("milestone")
    val milestone : Int? = null,

    @SerialName("title")
    val title : String? = null
)

@Serializable
data class IssueEvent(

    @SerialName("actor")
    val actor : Actor? = null,

    @SerialName("commit_id")
    val commitId : String? = null,

    /**
     * ISO 8601 format: YYYY-MM-DDTHH:MM:SSZ
     */
    @SerialName("created_at")
    val createdAt : String? = null,

    @SerialName("event")
    val event : String? = null,

    @SerialName("issue")
    val issue : IssueEventIssue? = null,

    @SerialName("url")
    val url : String? = null
)

@Serializable
data class Issues(

    @SerialName("pull_request")
    val pullRequest : IssuesPullRequest? = null,

    /**
     * ISO 8601 format: YYYY-MM-DDTHH:MM:SSZ
     */
    @SerialName("closed_at")
    val closedAt : String? = null,

    @SerialName("comments")
    val comments : Int? = null,

    /**
     * ISO 8601 format: YYYY-MM-DDTHH:MM:SSZ
     */
    @SerialName("created_at")
    val createdAt : String? = null,

    @SerialName("body")
    val body : String? = null,

    @SerialName("title")
    val title : String? = null,

    @SerialName("url")
    val url : String? = null,

    @SerialName("labels")
    val labels : List<IssuesLabelsItems>? = null,

    @SerialName("number")
    val number : Int? = null,

    @SerialName("milestone")
    val milestone : IssuesMilestone? = null,

    /**
     * ISO 8601 format: YYYY-MM-DDTHH:MM:SSZ
     */
    @SerialName("updated_at")
    val updatedAt : String? = null,

    @SerialName("html_url")
    val htmlUrl : String? = null,

    @SerialName("assignee")
    val assignee : User? = null,

    @SerialName("state")
    val state : String? = null,

    @SerialName("user")
    val user : User? = null
)

@Serializable
data class IssuesComment(

    @SerialName("body")
    val body : String? = null,

    /**
     * ISO 8601 format: YYYY-MM-DDTHH:MM:SSZ
     */
    @SerialName("created_at")
    val createdAt : String? = null,

    @SerialName("html_url")
    val htmlUrl : String? = null,

    @SerialName("id")
    val id : Int? = null,

    /**
     * ISO 8601 format: YYYY-MM-DDTHH:MM:SSZ
     */
    @SerialName("updated_at")
    val updatedAt : String? = null,

    @SerialName("url")
    val url : String? = null,

    @SerialName("user")
    val user : User? = null
)

@Serializable
data class IssuesComments(

    @SerialName("path")
    val path : String? = null,

    /**
     * ISO 8601 format: YYYY-MM-DDTHH:MM:SSZ
     */
    @SerialName("updated_at")
    val updatedAt : String? = null,

    @SerialName("_links")
    val Links : IssuesCommentsLinks? = null,

    /**
     * ISO 8601 format: YYYY-MM-DDTHH:MM:SSZ
     */
    @SerialName("created_at")
    val createdAt : String? = null,

    @SerialName("id")
    val id : Int? = null,

    @SerialName("position")
    val position : Int? = null,

    @SerialName("body")
    val body : String? = null,

    @SerialName("commit_id")
    val commitId : String? = null,

    @SerialName("user")
    val user : User? = null,

    @SerialName("url")
    val url : String? = null
)

@Serializable
data class Keys(

    @SerialName("id")
    val id : Int? = null,

    @SerialName("title")
    val title : String? = null,

    @SerialName("key")
    val key : String? = null,

    @SerialName("url")
    val url : String? = null
)

@Serializable
data class Label(

    @SerialName("color")
    val color : String? = null,

    @SerialName("name")
    val name : String? = null,

    @SerialName("url")
    val url : String? = null
)

@Serializable
data class Labels(

    @SerialName("color")
    val color : String? = null,

    @SerialName("name")
    val name : String? = null,

    @SerialName("url")
    val url : String? = null
)

@Serializable
data class Markdown(

    @SerialName("context")
    val context : String? = null,

    @SerialName("mode")
    val mode : String? = null,

    @SerialName("text")
    val text : String? = null
)

@Serializable
data class Merge(

    @SerialName("merged")
    val merged : Boolean? = null,

    @SerialName("message")
    val message : String? = null,

    @SerialName("sha")
    val sha : String? = null
)

@Serializable
data class MergePullBody(

    @SerialName("commit_message")
    val commitMessage : String? = null
)

@Serializable
data class MergesBody(

    @SerialName("base")
    val base : String? = null,

    @SerialName("commit_message")
    val commitMessage : String? = null,

    @SerialName("head")
    val head : String? = null
)

@Serializable
data class MergesConflict(

    /**
     * Error message
     */
    @SerialName("message")
    val message : String? = null
)

@Serializable
data class MergesSuccessful(

    @SerialName("author")
    val author : User? = null,

    @SerialName("comments_url")
    val commentsUrl : String? = null,

    @SerialName("commit")
    val commit : MergesSuccessfulCommit? = null,

    @SerialName("committer")
    val committer : User? = null,

    @SerialName("merged")
    val merged : Boolean? = null,

    @SerialName("message")
    val message : String? = null,

    @SerialName("parents")
    val parents : List<MergesSuccessfulParentsItems>? = null,

    @SerialName("sha")
    val sha : String? = null,

    @SerialName("url")
    val url : String? = null
)

@Serializable
data class Meta(

    @SerialName("git")
    val git : List<String>? = null,

    @SerialName("hooks")
    val hooks : List<String>? = null
)

@Serializable
data class Milestone(

    @SerialName("closed_issues")
    val closedIssues : Int? = null,

    /**
     * ISO 8601 format: YYYY-MM-DDTHH:MM:SSZ
     */
    @SerialName("created_at")
    val createdAt : String? = null,

    @SerialName("creator")
    val creator : User? = null,

    @SerialName("description")
    val description : String? = null,

    /**
     * ISO 8601 format: YYYY-MM-DDTHH:MM:SSZ
     */
    @SerialName("due_on")
    val dueOn : String? = null,

    @SerialName("number")
    val number : Int? = null,

    @SerialName("open_issues")
    val openIssues : Int? = null,

    @SerialName("state")
    val state : String? = null,

    @SerialName("title")
    val title : String? = null,

    @SerialName("url")
    val url : String? = null
)

@Serializable
data class MilestoneUpdate(

    @SerialName("description")
    val description : String? = null,

    @SerialName("due_on")
    val dueOn : String? = null,

    @SerialName("state")
    val state : String? = null,

    @SerialName("title")
    val title : String? = null
)

@Serializable
data class NotificationMarkRead(

    @SerialName("last_read_at")
    val lastReadAt : String? = null
)

@Serializable
data class Notifications(

    @SerialName("id")
    val id : Int? = null,

    @SerialName("last_read_at")
    val lastReadAt : String? = null,

    @SerialName("reason")
    val reason : String? = null,

    @SerialName("repository")
    val repository : NotificationsRepository? = null,

    @SerialName("subject")
    val subject : NotificationsSubject? = null,

    @SerialName("unread")
    val unread : Boolean? = null,

    @SerialName("updated_at")
    val updatedAt : String? = null,

    @SerialName("url")
    val url : String? = null
)

@Serializable
data class OrgTeamsPost(

    @SerialName("name")
    val name : String,

    @SerialName("permission")
    val permission : String? = null,

    @SerialName("repo_names")
    val repoNames : List<String>? = null
)

@Serializable
data class Organization(

    @SerialName("avatar_url")
    val avatarUrl : String? = null,

    @SerialName("bio")
    val bio : String? = null,

    /**
     * The website URL from the profile page
     */
    @SerialName("blog")
    val blog : String? = null,

    @SerialName("collaborators")
    val collaborators : Int? = null,

    @SerialName("company")
    val company : String? = null,

    /**
     * ISO 8601 format: YYYY-MM-DDTHH:MM:SSZ
     */
    @SerialName("created_at")
    val createdAt : String? = null,

    @SerialName("disk_usage")
    val diskUsage : Int? = null,

    /**
     * Note: The returned email is the user’s publicly visible email address (or null if the user has not specified a public email address in their profile).
     */
    @SerialName("email")
    val email : String? = null,

    @SerialName("followers")
    val followers : Int? = null,

    @SerialName("followers_url")
    val followersUrl : String? = null,

    @SerialName("following")
    val following : Int? = null,

    @SerialName("following_url")
    val followingUrl : String? = null,

    @SerialName("gists_url")
    val gistsUrl : String? = null,

    @SerialName("gravatar_id")
    val gravatarId : String? = null,

    @SerialName("hireable")
    val hireable : Boolean? = null,

    @SerialName("html_url")
    val htmlUrl : String? = null,

    @SerialName("id")
    val id : Int? = null,

    @SerialName("location")
    val location : String? = null,

    /**
     * The account username
     */
    @SerialName("login")
    val login : String? = null,

    /**
     * The full account name
     */
    @SerialName("name")
    val name : String? = null,

    @SerialName("organizations_url")
    val organizationsUrl : String? = null,

    @SerialName("owned_private_repos")
    val ownedPrivateRepos : Int? = null,

    @SerialName("plan")
    val plan : OrganizationPlan? = null,

    @SerialName("private_gists")
    val privateGists : Int? = null,

    @SerialName("public_gists")
    val publicGists : Int? = null,

    @SerialName("public_repos")
    val publicRepos : Int? = null,

    @SerialName("starred_url")
    val starredUrl : String? = null,

    @SerialName("subscriptions_url")
    val subscriptionsUrl : String? = null,

    @SerialName("total_private_repos")
    val totalPrivateRepos : Int? = null,

    @SerialName("type")
    val type : String? = null,

    /**
     * ISO 8601 format: YYYY-MM-DDTHH:MM:SSZ
     */
    @SerialName("updated_at")
    val updatedAt : String? = null,

    @SerialName("url")
    val url : String? = null
)

@Serializable
data class OrganizationAsTeamMember(

    @SerialName("errors")
    val errors : List<OrganizationAsTeamMemberErrorsItems>? = null,

    @SerialName("message")
    val message : String? = null
)

@Serializable
data class ParticipationStats(

    @SerialName("all")
    val all : List<Int>? = null,

    @SerialName("owner")
    val owner : List<Int>? = null
)

@Serializable
data class PatchGist(

    @SerialName("description")
    val description : String? = null,

    @SerialName("files")
    val files : PatchGistFiles? = null
)

@Serializable
data class PatchOrg(

    /**
     * Billing email address. This address is not publicized.
     */
    @SerialName("billing_email")
    val billingEmail : String? = null,

    @SerialName("company")
    val company : String? = null,

    /**
     * Publicly visible email address.
     */
    @SerialName("email")
    val email : String? = null,

    @SerialName("location")
    val location : String? = null,

    @SerialName("name")
    val name : String? = null
)

@Serializable
data class PostGist(

    @SerialName("description")
    val description : String? = null,

    @SerialName("files")
    val files : PostGistFiles? = null,

    @SerialName("public")
    val public : Boolean? = null
)

@Serializable
data class PostRepo(

    /**
     * True to create an initial commit with empty README. Default is false.
     */
    @SerialName("auto_init")
    val autoInit : Boolean? = null,

    @SerialName("description")
    val description : String? = null,

    /**
     * Desired language or platform .gitignore template to apply. Use the name of the template without the extension. For example, "Haskell" Ignored if auto_init parameter is not provided.
     */
    @SerialName("gitignore_template")
    val gitignoreTemplate : String? = null,

    /**
     * True to enable downloads for this repository, false to disable them. Default is true.
     */
    @SerialName("has_downloads")
    val hasDownloads : Boolean? = null,

    /**
     * True to enable issues for this repository, false to disable them. Default is true.
     */
    @SerialName("has_issues")
    val hasIssues : Boolean? = null,

    /**
     * True to enable the wiki for this repository, false to disable it. Default is true.
     */
    @SerialName("has_wiki")
    val hasWiki : Boolean? = null,

    @SerialName("homepage")
    val homepage : String? = null,

    @SerialName("name")
    val name : String,

    /**
     * True to create a private repository, false to create a public one. Creating private repositories requires a paid GitHub account.
     */
    @SerialName("private")
    val private : Boolean? = null,

    /**
     * The id of the team that will be granted access to this repository. This is only valid when creating a repo in an organization.
     */
    @SerialName("team_id")
    val teamId : Int? = null
)

@Serializable
data class PullRequest(

    @SerialName("_links")
    val Links : PullRequestLinks? = null,

    @SerialName("additions")
    val additions : Int? = null,

    @SerialName("base")
    val base : PullRequestBase? = null,

    @SerialName("body")
    val body : String? = null,

    @SerialName("changed_files")
    val changedFiles : Int? = null,

    @SerialName("closed_at")
    val closedAt : String? = null,

    @SerialName("comments")
    val comments : Int? = null,

    @SerialName("commits")
    val commits : Int? = null,

    @SerialName("created_at")
    val createdAt : String? = null,

    @SerialName("deletions")
    val deletions : Int? = null,

    @SerialName("diff_url")
    val diffUrl : String? = null,

    @SerialName("head")
    val head : PullRequestHead? = null,

    @SerialName("html_url")
    val htmlUrl : String? = null,

    @SerialName("issue_url")
    val issueUrl : String? = null,

    @SerialName("merge_commit_sha")
    val mergeCommitSha : String? = null,

    @SerialName("mergeable")
    val mergeable : Boolean? = null,

    @SerialName("merged")
    val merged : Boolean? = null,

    @SerialName("merged_at")
    val mergedAt : String? = null,

    @SerialName("merged_by")
    val mergedBy : PullRequestMergedBy? = null,

    @SerialName("number")
    val number : Int? = null,

    @SerialName("patch_url")
    val patchUrl : String? = null,

    @SerialName("state")
    val state : String? = null,

    @SerialName("title")
    val title : String? = null,

    @SerialName("updated_at")
    val updatedAt : String? = null,

    @SerialName("url")
    val url : String? = null,

    @SerialName("user")
    val user : PullRequestUser? = null
)

@Serializable
data class PullUpdate(

    @SerialName("body")
    val body : String? = null,

    @SerialName("state")
    val state : String? = null,

    @SerialName("title")
    val title : String? = null
)

@Serializable
data class Pulls(

    @SerialName("issue_url")
    val issueUrl : String? = null,

    /**
     * ISO 8601 format: YYYY-MM-DDTHH:MM:SSZ
     */
    @SerialName("closed_at")
    val closedAt : String? = null,

    @SerialName("_links")
    val Links : PullsLinks? = null,

    /**
     * ISO 8601 format: YYYY-MM-DDTHH:MM:SSZ
     */
    @SerialName("merged_at")
    val mergedAt : String? = null,

    /**
     * ISO 8601 format: YYYY-MM-DDTHH:MM:SSZ
     */
    @SerialName("created_at")
    val createdAt : String? = null,

    @SerialName("diff_url")
    val diffUrl : String? = null,

    @SerialName("body")
    val body : String? = null,

    @SerialName("title")
    val title : String? = null,

    @SerialName("url")
    val url : String? = null,

    @SerialName("head")
    val head : PullsHead? = null,

    @SerialName("number")
    val number : Int? = null,

    @SerialName("patch_url")
    val patchUrl : String? = null,

    /**
     * ISO 8601 format: YYYY-MM-DDTHH:MM:SSZ
     */
    @SerialName("updated_at")
    val updatedAt : String? = null,

    @SerialName("html_url")
    val htmlUrl : String? = null,

    @SerialName("state")
    val state : String? = null,

    @SerialName("user")
    val user : PullsUser? = null,

    @SerialName("base")
    val base : PullsBase? = null
)

@Serializable
data class PullsComment(

    @SerialName("_links")
    val Links : PullsCommentLinks? = null,

    @SerialName("body")
    val body : String? = null,

    @SerialName("commit_id")
    val commitId : String? = null,

    /**
     * ISO 8601 format: YYYY-MM-DDTHH:MM:SSZ
     */
    @SerialName("created_at")
    val createdAt : String? = null,

    @SerialName("id")
    val id : Int? = null,

    @SerialName("path")
    val path : String? = null,

    @SerialName("position")
    val position : Int? = null,

    /**
     * ISO 8601 format: YYYY-MM-DDTHH:MM:SSZ
     */
    @SerialName("updated_at")
    val updatedAt : String? = null,

    @SerialName("url")
    val url : String? = null,

    @SerialName("user")
    val user : PullsCommentUser? = null
)

@Serializable
data class PullsCommentPost(

    @SerialName("body")
    val body : String? = null,

    @SerialName("commit_id")
    val commitId : String? = null,

    @SerialName("path")
    val path : String? = null,

    @SerialName("position")
    val position : Int? = null
)

@Serializable
data class PullsComments(

    @SerialName("path")
    val path : String? = null,

    /**
     * ISO 8601 format: YYYY-MM-DDTHH:MM:SSZ
     */
    @SerialName("updated_at")
    val updatedAt : String? = null,

    @SerialName("_links")
    val Links : PullsCommentsLinks? = null,

    /**
     * ISO 8601 format: YYYY-MM-DDTHH:MM:SSZ
     */
    @SerialName("created_at")
    val createdAt : String? = null,

    @SerialName("id")
    val id : Int? = null,

    @SerialName("position")
    val position : Int? = null,

    @SerialName("body")
    val body : String? = null,

    @SerialName("commit_id")
    val commitId : String? = null,

    @SerialName("user")
    val user : PullsCommentsUser? = null,

    @SerialName("url")
    val url : String? = null
)

@Serializable
data class PullsPost(

    @SerialName("base")
    val base : String? = null,

    @SerialName("body")
    val body : String? = null,

    @SerialName("head")
    val head : String? = null,

    @SerialName("title")
    val title : String? = null
)

@Serializable
data class PutSubscription(

    @SerialName("created_at")
    val createdAt : String? = null,

    @SerialName("ignored")
    val ignored : Boolean? = null,

    @SerialName("reason")
    val reason : Map<String, String>? = null,

    @SerialName("subscribed")
    val subscribed : Boolean? = null,

    @SerialName("thread_url")
    val threadUrl : String? = null,

    @SerialName("url")
    val url : String? = null
)

@Serializable
data class RateLimit(

    @SerialName("rate")
    val rate : RateLimitRate? = null
)

@Serializable
data class Ref(

    @SerialName("creator")
    val creator : RefCreator? = null,

    /**
     * ISO 8601 format: YYYY-MM-DDTHH:MM:SSZ
     */
    @SerialName("updated_at")
    val updatedAt : String? = null,

    @SerialName("target_url")
    val targetUrl : String? = null,

    /**
     * ISO 8601 format: YYYY-MM-DDTHH:MM:SSZ
     */
    @SerialName("created_at")
    val createdAt : String? = null,

    @SerialName("description")
    val description : String? = null,

    @SerialName("id")
    val id : Int? = null,

    @SerialName("state")
    val state : String? = null,

    @SerialName("url")
    val url : String? = null
)

@Serializable
data class RefStatus(

    @SerialName("commit_url")
    val commitUrl : String? = null,

    @SerialName("name")
    val name : String? = null,

    @SerialName("statuses")
    val statuses : List<RefStatusStatusesItems>? = null,

    @SerialName("repository_url")
    val repositoryUrl : String? = null,

    @SerialName("state")
    val state : String? = null,

    @SerialName("sha")
    val sha : String? = null
)

@Serializable
data class Refs(

    @SerialName("ref")
    val ref : String? = null,

    @SerialName("url")
    val url : String? = null,

    @SerialName("object")
    val `object` : RefsObject? = null
)

@Serializable
data class RefsBody(

    @SerialName("ref")
    val ref : String? = null,

    @SerialName("sha")
    val sha : String? = null
)

@Serializable
data class Release(

    @SerialName("assets")
    val assets : List<ReleaseAssetsItems>? = null,

    @SerialName("assets_url")
    val assetsUrl : String? = null,

    @SerialName("author")
    val author : User? = null,

    @SerialName("body")
    val body : String? = null,

    @SerialName("created_at")
    val createdAt : String? = null,

    @SerialName("draft")
    val draft : Boolean? = null,

    @SerialName("html_url")
    val htmlUrl : String? = null,

    @SerialName("id")
    val id : Int? = null,

    @SerialName("name")
    val name : String? = null,

    @SerialName("prerelease")
    val prerelease : Boolean? = null,

    @SerialName("published_at")
    val publishedAt : String? = null,

    @SerialName("tag_name")
    val tagName : String? = null,

    @SerialName("tarball_url")
    val tarballUrl : String? = null,

    @SerialName("target_commitish")
    val targetCommitish : String? = null,

    @SerialName("upload_url")
    val uploadUrl : String? = null,

    @SerialName("url")
    val url : String? = null,

    @SerialName("zipball_url")
    val zipballUrl : String? = null
)

@Serializable
data class ReleaseCreate(

    @SerialName("body")
    val body : String? = null,

    @SerialName("draft")
    val draft : Boolean? = null,

    @SerialName("name")
    val name : String? = null,

    @SerialName("prerelease")
    val prerelease : Boolean? = null,

    @SerialName("tag_name")
    val tagName : String? = null,

    @SerialName("target_commitish")
    val targetCommitish : String? = null
)

@Serializable
data class Releases(

    @SerialName("author")
    val author : User? = null,

    @SerialName("tag_name")
    val tagName : String? = null,

    @SerialName("created_at")
    val createdAt : String? = null,

    @SerialName("body")
    val body : String? = null,

    @SerialName("url")
    val url : String? = null,

    @SerialName("assets_url")
    val assetsUrl : String? = null,

    @SerialName("assets")
    val assets : List<ReleasesAssetsItems>? = null,

    @SerialName("prerelease")
    val prerelease : Boolean? = null,

    @SerialName("draft")
    val draft : Boolean? = null,

    @SerialName("html_url")
    val htmlUrl : String? = null,

    @SerialName("target_commitish")
    val targetCommitish : String? = null,

    @SerialName("zipball_url")
    val zipballUrl : String? = null,

    @SerialName("name")
    val name : String? = null,

    @SerialName("upload_url")
    val uploadUrl : String? = null,

    @SerialName("id")
    val id : Int? = null,

    @SerialName("published_at")
    val publishedAt : String? = null,

    @SerialName("tarball_url")
    val tarballUrl : String? = null
)

@Serializable
data class Repo(

    @SerialName("clone_url")
    val cloneUrl : String? = null,

    /**
     * ISO 8601 format: YYYY-MM-DDTHH:MM:SSZ
     */
    @SerialName("created_at")
    val createdAt : String? = null,

    @SerialName("description")
    val description : String? = null,

    @SerialName("fork")
    val fork : Boolean? = null,

    @SerialName("forks")
    val forks : Int? = null,

    @SerialName("forks_count")
    val forksCount : Int? = null,

    @SerialName("full_name")
    val fullName : String? = null,

    @SerialName("git_url")
    val gitUrl : String? = null,

    @SerialName("has_downloads")
    val hasDownloads : Boolean? = null,

    @SerialName("has_issues")
    val hasIssues : Boolean? = null,

    @SerialName("has_wiki")
    val hasWiki : Boolean? = null,

    @SerialName("homepage")
    val homepage : String? = null,

    @SerialName("html_url")
    val htmlUrl : String? = null,

    @SerialName("id")
    val id : Int? = null,

    @SerialName("language")
    val language : String? = null,

    @SerialName("master_branch")
    val masterBranch : String? = null,

    @SerialName("mirror_url")
    val mirrorUrl : String? = null,

    @SerialName("name")
    val name : String? = null,

    @SerialName("open_issues")
    val openIssues : Int? = null,

    @SerialName("open_issues_count")
    val openIssuesCount : Int? = null,

    @SerialName("organization")
    val organization : Organization? = null,

    @SerialName("owner")
    val owner : Actor? = null,

    @SerialName("parent")
    val parent : Repo? = null,

    @SerialName("private")
    val private : Boolean? = null,

    /**
     * ISO 8601 format: YYYY-MM-DDTHH:MM:SSZ
     */
    @SerialName("pushed_at")
    val pushedAt : String? = null,

    @SerialName("size")
    val size : Int? = null,

    @SerialName("source")
    val source : Repo? = null,

    @SerialName("ssh_url")
    val sshUrl : String? = null,

    @SerialName("svn_url")
    val svnUrl : String? = null,

    /**
     * ISO 8601 format: YYYY-MM-DDTHH:MM:SSZ
     */
    @SerialName("updated_at")
    val updatedAt : String? = null,

    @SerialName("url")
    val url : String? = null,

    @SerialName("watchers")
    val watchers : Int? = null,

    @SerialName("watchers_count")
    val watchersCount : Int? = null
)

@Serializable
data class RepoDeployments(

    @SerialName("creator")
    val creator : User? = null,

    @SerialName("updated_at")
    val updatedAt : String? = null,

    @SerialName("payload")
    val payload : String? = null,

    @SerialName("statuses_url")
    val statusesUrl : String? = null,

    @SerialName("created_at")
    val createdAt : String? = null,

    @SerialName("description")
    val description : String? = null,

    @SerialName("id")
    val id : Int? = null,

    @SerialName("sha")
    val sha : String? = null,

    @SerialName("url")
    val url : String? = null
)

@Serializable
data class RepoComments(

    @SerialName("path")
    val path : String? = null,

    /**
     * ISO 8601 format: YYYY-MM-DDTHH:MM:SSZ
     */
    @SerialName("updated_at")
    val updatedAt : String? = null,

    @SerialName("line")
    val line : Int? = null,

    @SerialName("html_url")
    val htmlUrl : String? = null,

    /**
     * ISO 8601 format: YYYY-MM-DDTHH:MM:SSZ
     */
    @SerialName("created_at")
    val createdAt : String? = null,

    @SerialName("id")
    val id : Int? = null,

    @SerialName("position")
    val position : Int? = null,

    @SerialName("body")
    val body : String? = null,

    @SerialName("commit_id")
    val commitId : String? = null,

    @SerialName("user")
    val user : User? = null,

    @SerialName("url")
    val url : String? = null
)

@Serializable
data class RepoCommit(

    @SerialName("author")
    val author : RepoCommitAuthor? = null,

    @SerialName("committer")
    val committer : RepoCommitCommitter? = null,

    @SerialName("message")
    val message : String? = null,

    @SerialName("parents")
    val parents : List<RepoCommitParentsItems>? = null,

    @SerialName("sha")
    val sha : String? = null,

    @SerialName("tree")
    val tree : RepoCommitTree? = null,

    @SerialName("url")
    val url : String? = null
)

@Serializable
data class RepoCommitBody(

    @SerialName("author")
    val author : RepoCommitBodyAuthor? = null,

    @SerialName("message")
    val message : String,

    @SerialName("parents")
    val parents : List<String>,

    @SerialName("tree")
    val tree : String
)

@Serializable
data class RepoEdit(

    @SerialName("description")
    val description : String? = null,

    @SerialName("has_downloads")
    val hasDownloads : Boolean? = null,

    @SerialName("has_issues")
    val hasIssues : Boolean? = null,

    @SerialName("has_wiki")
    val hasWiki : Boolean? = null,

    @SerialName("homepage")
    val homepage : String? = null,

    @SerialName("name")
    val name : String? = null,

    @SerialName("private")
    val private : Boolean? = null
)

@Serializable
data class SearchCode(

    @SerialName("items")
    val items : List<SearchCodeItemsItems>? = null,

    @SerialName("total_count")
    val totalCount : Int? = null
)

@Serializable
data class SearchIssues(

    @SerialName("items")
    val items : List<SearchIssuesItemsItems>? = null,

    @SerialName("total_count")
    val totalCount : Int? = null
)

@Serializable
data class SearchIssuesByKeyword(

    @SerialName("issues")
    val issues : List<SearchIssuesByKeywordIssuesItems>? = null
)

@Serializable
data class SearchRepositories(

    @SerialName("items")
    val items : List<Repo>? = null,

    @SerialName("total_count")
    val totalCount : Int? = null
)

@Serializable
data class SearchRepositoriesByKeyword(

    @SerialName("repositories")
    val repositories : List<Repo>? = null
)

@Serializable
data class SearchUserByEmail(

    @SerialName("user")
    val user : User? = null
)

@Serializable
data class SearchUsers(

    @SerialName("items")
    val items : List<User>? = null,

    @SerialName("total_count")
    val totalCount : Int? = null
)

@Serializable
data class SearchUsersByKeyword(

    @SerialName("users")
    val users : List<User>? = null
)

@Serializable
data class Subscription(

    /**
     * ISO 8601 format: YYYY-MM-DDTHH:MM:SSZ
     */
    @SerialName("created_at")
    val createdAt : String? = null,

    @SerialName("ignored")
    val ignored : Boolean? = null,

    @SerialName("reason")
    val reason : String? = null,

    @SerialName("repository_url")
    val repositoryUrl : String? = null,

    @SerialName("subscribed")
    val subscribed : Boolean? = null,

    @SerialName("thread_url")
    val threadUrl : String? = null,

    @SerialName("url")
    val url : String? = null
)

@Serializable
data class SubscriptionBody(

    @SerialName("ignored")
    val ignored : Boolean? = null,

    @SerialName("subscribed")
    val subscribed : Boolean? = null
)

@Serializable
data class Tag(

    /**
     * String of the tag message.
     */
    @SerialName("message")
    val message : String? = null,

    @SerialName("object")
    val `object` : TagObject? = null,

    @SerialName("sha")
    val sha : String? = null,

    /**
     * The tag's name. This is typically a version (e.g., "v0.0.1").
     */
    @SerialName("tag")
    val tag : String? = null,

    @SerialName("tagger")
    val tagger : TagTagger? = null,

    @SerialName("url")
    val url : String? = null
)

@Serializable
data class TagBody(

    /**
     * String of the tag message.
     */
    @SerialName("message")
    val message : String,

    /**
     * String of the SHA of the git object this is tagging.
     */
    @SerialName("object")
    val `object` : String,

    /**
     * The tag's name. This is typically a version (e.g., "v0.0.1").
     */
    @SerialName("tag")
    val tag : String,

    @SerialName("tagger")
    val tagger : TagBodyTagger,

    /**
     * String of the type of the object we’re tagging. Normally this is a commit but it can also be a tree or a blob.
     */
    @SerialName("type")
    val type : String
)

@Serializable
data class Team(

    @SerialName("id")
    val id : Int? = null,

    @SerialName("members_count")
    val membersCount : Int? = null,

    @SerialName("name")
    val name : String? = null,

    @SerialName("permission")
    val permission : String? = null,

    @SerialName("repos_count")
    val reposCount : Int? = null,

    @SerialName("url")
    val url : String? = null
)

@Serializable
data class TeamMembership(

    @SerialName("state")
    val state : String? = null,

    @SerialName("url")
    val url : String? = null
)

@Serializable
data class Teams(

    @SerialName("name")
    val name : String? = null,

    @SerialName("id")
    val id : Int? = null,

    @SerialName("url")
    val url : String? = null
)

@Serializable
data class TeamsList(

    @SerialName("repos_count")
    val reposCount : Int? = null,

    @SerialName("organization")
    val organization : TeamsListOrganization? = null,

    @SerialName("name")
    val name : String? = null,

    @SerialName("members_count")
    val membersCount : Int? = null,

    @SerialName("permission")
    val permission : String? = null,

    @SerialName("id")
    val id : Int? = null,

    @SerialName("url")
    val url : String? = null
)

@Serializable
data class Tree(

    @SerialName("sha")
    val sha : String? = null,

    @SerialName("tree")
    val tree : List<TreeTreeItems>? = null,

    @SerialName("url")
    val url : String? = null
)

@Serializable
data class Trees(

    @SerialName("base_tree")
    val baseTree : String? = null,

    /**
     * SHA1 checksum ID of the object in the tree.
     */
    @SerialName("sha")
    val sha : String? = null,

    @SerialName("tree")
    val tree : List<Tree>? = null,

    @SerialName("url")
    val url : String? = null
)

@Serializable
data class User(

    @SerialName("avatar_url")
    val avatarUrl : String? = null,

    @SerialName("bio")
    val bio : String? = null,

    /**
     * The website URL from the profile page
     */
    @SerialName("blog")
    val blog : String? = null,

    @SerialName("collaborators")
    val collaborators : Int? = null,

    @SerialName("company")
    val company : String? = null,

    /**
     * ISO 8601 format: YYYY-MM-DDTHH:MM:SSZ
     */
    @SerialName("created_at")
    val createdAt : String? = null,

    @SerialName("disk_usage")
    val diskUsage : Int? = null,

    /**
     * Note: The returned email is the user’s publicly visible email address (or null if the user has not specified a public email address in their profile).
     */
    @SerialName("email")
    val email : String? = null,

    @SerialName("followers")
    val followers : Int? = null,

    @SerialName("followers_url")
    val followersUrl : String? = null,

    @SerialName("following")
    val following : Int? = null,

    @SerialName("following_url")
    val followingUrl : String? = null,

    @SerialName("gists_url")
    val gistsUrl : String? = null,

    @SerialName("gravatar_id")
    val gravatarId : String? = null,

    @SerialName("hireable")
    val hireable : Boolean? = null,

    @SerialName("html_url")
    val htmlUrl : String? = null,

    @SerialName("id")
    val id : Int? = null,

    @SerialName("location")
    val location : String? = null,

    /**
     * The account username
     */
    @SerialName("login")
    val login : String? = null,

    /**
     * The full account name
     */
    @SerialName("name")
    val name : String? = null,

    @SerialName("organizations_url")
    val organizationsUrl : String? = null,

    @SerialName("owned_private_repos")
    val ownedPrivateRepos : Int? = null,

    @SerialName("plan")
    val plan : UserPlan? = null,

    @SerialName("private_gists")
    val privateGists : Int? = null,

    @SerialName("public_gists")
    val publicGists : Int? = null,

    @SerialName("public_repos")
    val publicRepos : Int? = null,

    @SerialName("starred_url")
    val starredUrl : String? = null,

    @SerialName("subscriptions_url")
    val subscriptionsUrl : String? = null,

    @SerialName("total_private_repos")
    val totalPrivateRepos : Int? = null,

    @SerialName("type")
    val type : String? = null,

    /**
     * ISO 8601 format: YYYY-MM-DDTHH:MM:SSZ
     */
    @SerialName("updated_at")
    val updatedAt : String? = null,

    @SerialName("url")
    val url : String? = null
)

@Serializable
data class UserKeysKeyId(

    @SerialName("id")
    val id : Int? = null,

    @SerialName("key")
    val key : String? = null,

    @SerialName("title")
    val title : String? = null,

    @SerialName("url")
    val url : String? = null
)

@Serializable
data class UserKeysPost(

    @SerialName("key")
    val key : String? = null,

    @SerialName("title")
    val title : String? = null
)

@Serializable
data class UserUpdate(

    @SerialName("bio")
    val bio : String? = null,

    @SerialName("blog")
    val blog : String? = null,

    @SerialName("company")
    val company : String? = null,

    @SerialName("email")
    val email : String? = null,

    @SerialName("hireable")
    val hireable : Boolean? = null,

    @SerialName("location")
    val location : String? = null,

    @SerialName("name")
    val name : String? = null
)

@Serializable
data class ActorPlan(

    @SerialName("private_repos")
    val privateRepos : Int? = null,

    @SerialName("name")
    val name : String? = null,

    @SerialName("collaborators")
    val collaborators : Int? = null,

    @SerialName("space")
    val space : Int? = null
)

@Serializable
data class BranchLinks(

    @SerialName("self")
    val self : String? = null,

    @SerialName("html")
    val html : String? = null
)

@Serializable
data class BranchCommitCommitCommitter(

    /**
     * ISO 8601 format: YYYY-MM-DDTHH:MM:SSZ
     */
    @SerialName("date")
    val date : String? = null,

    @SerialName("name")
    val name : String? = null,

    @SerialName("email")
    val email : String? = null
)

@Serializable
data class BranchCommitCommitAuthor(

    /**
     * ISO 8601 format: YYYY-MM-DDTHH:MM:SSZ
     */
    @SerialName("date")
    val date : String? = null,

    @SerialName("name")
    val name : String? = null,

    @SerialName("email")
    val email : String? = null
)

@Serializable
data class BranchCommitCommitTree(

    @SerialName("sha")
    val sha : String? = null,

    @SerialName("url")
    val url : String? = null
)

@Serializable
data class BranchCommitCommit(

    @SerialName("committer")
    val committer : BranchCommitCommitCommitter? = null,

    @SerialName("author")
    val author : BranchCommitCommitAuthor? = null,

    @SerialName("tree")
    val tree : BranchCommitCommitTree? = null,

    @SerialName("message")
    val message : String? = null,

    @SerialName("url")
    val url : String? = null
)

@Serializable
data class BranchCommitParentsItems(

    @SerialName("sha")
    val sha : String? = null,

    @SerialName("url")
    val url : String? = null
)

@Serializable
data class BranchCommit(

    @SerialName("committer")
    val committer : User? = null,

    @SerialName("author")
    val author : User? = null,

    @SerialName("commit")
    val commit : BranchCommitCommit? = null,

    @SerialName("sha")
    val sha : String? = null,

    @SerialName("url")
    val url : String? = null,

    @SerialName("parents")
    val parents : List<BranchCommitParentsItems>? = null
)

@Serializable
data class BranchesCommit(

    @SerialName("sha")
    val sha : String? = null,

    @SerialName("url")
    val url : String? = null
)

@Serializable
data class CommitCommitCommitter(

    /**
     * ISO 8601 format: YYYY-MM-DDTHH:MM:SSZ
     */
    @SerialName("date")
    val date : String? = null,

    @SerialName("name")
    val name : String? = null,

    @SerialName("email")
    val email : String? = null
)

@Serializable
data class CommitCommitAuthor(

    /**
     * ISO 8601 format: YYYY-MM-DDTHH:MM:SSZ
     */
    @SerialName("date")
    val date : String? = null,

    @SerialName("name")
    val name : String? = null,

    @SerialName("email")
    val email : String? = null
)

@Serializable
data class CommitCommitTree(

    @SerialName("sha")
    val sha : String? = null,

    @SerialName("url")
    val url : String? = null
)

@Serializable
data class CommitCommit(

    @SerialName("committer")
    val committer : CommitCommitCommitter? = null,

    @SerialName("author")
    val author : CommitCommitAuthor? = null,

    @SerialName("tree")
    val tree : CommitCommitTree? = null,

    @SerialName("message")
    val message : String? = null,

    @SerialName("url")
    val url : String? = null
)

@Serializable
data class CommitFilesItems(

    @SerialName("patch")
    val patch : String? = null,

    @SerialName("filename")
    val filename : String? = null,

    @SerialName("additions")
    val additions : Int? = null,

    @SerialName("deletions")
    val deletions : Int? = null,

    @SerialName("changes")
    val changes : Int? = null,

    @SerialName("blob_url")
    val blobUrl : String? = null,

    @SerialName("raw_url")
    val rawUrl : String? = null,

    @SerialName("status")
    val status : String? = null
)

@Serializable
data class CommitParentsItems(

    @SerialName("sha")
    val sha : String? = null,

    @SerialName("url")
    val url : String? = null
)

@Serializable
data class CommitStats(

    @SerialName("total")
    val total : Int? = null,

    @SerialName("additions")
    val additions : Int? = null,

    @SerialName("deletions")
    val deletions : Int? = null
)

@Serializable
data class CommitsCommitCommitter(

    /**
     * ISO 8601 format: YYYY-MM-DDTHH:MM:SSZ
     */
    @SerialName("date")
    val date : String? = null,

    @SerialName("name")
    val name : String? = null,

    @SerialName("email")
    val email : String? = null
)

@Serializable
data class CommitsCommitAuthor(

    /**
     * ISO 8601 format: YYYY-MM-DDTHH:MM:SSZ
     */
    @SerialName("date")
    val date : String? = null,

    @SerialName("name")
    val name : String? = null,

    @SerialName("email")
    val email : String? = null
)

@Serializable
data class CommitsCommitTree(

    @SerialName("sha")
    val sha : String? = null,

    @SerialName("url")
    val url : String? = null
)

@Serializable
data class CommitsCommit(

    @SerialName("committer")
    val committer : CommitsCommitCommitter? = null,

    @SerialName("author")
    val author : CommitsCommitAuthor? = null,

    @SerialName("tree")
    val tree : CommitsCommitTree? = null,

    @SerialName("message")
    val message : String? = null,

    @SerialName("url")
    val url : String? = null
)

@Serializable
data class CommitsParentsItems(

    @SerialName("sha")
    val sha : String? = null,

    @SerialName("url")
    val url : String? = null
)

@Serializable
data class CompareCommitsBaseCommitCommitCommitter(

    @SerialName("date")
    val date : String? = null,

    @SerialName("name")
    val name : String? = null,

    @SerialName("email")
    val email : String? = null
)

@Serializable
data class CompareCommitsBaseCommitCommitAuthor(

    @SerialName("date")
    val date : String? = null,

    @SerialName("name")
    val name : String? = null,

    @SerialName("email")
    val email : String? = null
)

@Serializable
data class CompareCommitsBaseCommitCommitTree(

    @SerialName("sha")
    val sha : String? = null,

    @SerialName("url")
    val url : String? = null
)

@Serializable
data class CompareCommitsBaseCommitCommit(

    @SerialName("committer")
    val committer : CompareCommitsBaseCommitCommitCommitter? = null,

    @SerialName("author")
    val author : CompareCommitsBaseCommitCommitAuthor? = null,

    @SerialName("tree")
    val tree : CompareCommitsBaseCommitCommitTree? = null,

    @SerialName("message")
    val message : String? = null,

    @SerialName("url")
    val url : String? = null
)

@Serializable
data class CompareCommitsBaseCommitParentsItems(

    @SerialName("sha")
    val sha : String? = null,

    @SerialName("url")
    val url : String? = null
)

@Serializable
data class CompareCommitsBaseCommit(

    @SerialName("committer")
    val committer : User? = null,

    @SerialName("author")
    val author : User? = null,

    @SerialName("commit")
    val commit : CompareCommitsBaseCommitCommit? = null,

    @SerialName("sha")
    val sha : String? = null,

    @SerialName("url")
    val url : String? = null,

    @SerialName("parents")
    val parents : List<CompareCommitsBaseCommitParentsItems>? = null
)

@Serializable
data class CompareCommitsCommitsItemsCommitCommitter(

    @SerialName("date")
    val date : String? = null,

    @SerialName("name")
    val name : String? = null,

    @SerialName("email")
    val email : String? = null
)

@Serializable
data class CompareCommitsCommitsItemsCommitAuthor(

    @SerialName("date")
    val date : String? = null,

    @SerialName("name")
    val name : String? = null,

    @SerialName("email")
    val email : String? = null
)

@Serializable
data class CompareCommitsCommitsItemsCommitTree(

    @SerialName("sha")
    val sha : String? = null,

    @SerialName("url")
    val url : String? = null
)

@Serializable
data class CompareCommitsCommitsItemsCommit(

    @SerialName("committer")
    val committer : CompareCommitsCommitsItemsCommitCommitter? = null,

    @SerialName("author")
    val author : CompareCommitsCommitsItemsCommitAuthor? = null,

    @SerialName("tree")
    val tree : CompareCommitsCommitsItemsCommitTree? = null,

    @SerialName("message")
    val message : String? = null,

    @SerialName("url")
    val url : String? = null
)

@Serializable
data class CompareCommitsCommitsItemsParentsItems(

    @SerialName("sha")
    val sha : String? = null,

    @SerialName("url")
    val url : String? = null
)

@Serializable
data class CompareCommitsCommitsItems(

    @SerialName("committer")
    val committer : User? = null,

    @SerialName("author")
    val author : User? = null,

    @SerialName("commit")
    val commit : CompareCommitsCommitsItemsCommit? = null,

    @SerialName("sha")
    val sha : String? = null,

    @SerialName("url")
    val url : String? = null,

    @SerialName("parents")
    val parents : List<CompareCommitsCommitsItemsParentsItems>? = null
)

@Serializable
data class CompareCommitsFilesItems(

    @SerialName("patch")
    val patch : String? = null,

    @SerialName("filename")
    val filename : String? = null,

    @SerialName("additions")
    val additions : Int? = null,

    @SerialName("deletions")
    val deletions : Int? = null,

    @SerialName("changes")
    val changes : Int? = null,

    @SerialName("blob_url")
    val blobUrl : String? = null,

    @SerialName("sha")
    val sha : String? = null,

    @SerialName("raw_url")
    val rawUrl : String? = null,

    @SerialName("contents_url")
    val contentsUrl : String? = null,

    @SerialName("status")
    val status : String? = null
)

@Serializable
data class ContentsPathLinks(

    @SerialName("git")
    val git : String? = null,

    @SerialName("self")
    val self : String? = null,

    @SerialName("html")
    val html : String? = null
)

@Serializable
data class ContributorsStatsWeeksItems(

    /**
     * Number of additions.
     */
    @SerialName("a")
    val a : Int? = null,

    /**
     * Number of commits.
     */
    @SerialName("c")
    val c : Int? = null,

    /**
     * Number of deletions.
     */
    @SerialName("d")
    val d : Int? = null,

    /**
     * Start of the week.
     */
    @SerialName("w")
    val w : String? = null
)

@Serializable
data class ContributorsStatsAuthor(

    @SerialName("avatar_url")
    val avatarUrl : String? = null,

    @SerialName("id")
    val id : Int? = null,

    @SerialName("login")
    val login : String? = null,

    @SerialName("gravatar_id")
    val gravatarId : String? = null,

    @SerialName("url")
    val url : String? = null
)

@Serializable
data class CreateFileCommitCommitter(

    @SerialName("date")
    val date : String? = null,

    @SerialName("name")
    val name : String? = null,

    @SerialName("email")
    val email : String? = null
)

@Serializable
data class CreateFileCommitAuthor(

    @SerialName("date")
    val date : String? = null,

    @SerialName("name")
    val name : String? = null,

    @SerialName("email")
    val email : String? = null
)

@Serializable
data class CreateFileCommitTree(

    @SerialName("sha")
    val sha : String? = null,

    @SerialName("url")
    val url : String? = null
)

@Serializable
data class CreateFileCommitParentsItems(

    @SerialName("html_url")
    val htmlUrl : String? = null,

    @SerialName("sha")
    val sha : String? = null,

    @SerialName("url")
    val url : String? = null
)

@Serializable
data class CreateFileCommit(

    @SerialName("committer")
    val committer : CreateFileCommitCommitter? = null,

    @SerialName("author")
    val author : CreateFileCommitAuthor? = null,

    @SerialName("html_url")
    val htmlUrl : String? = null,

    @SerialName("tree")
    val tree : CreateFileCommitTree? = null,

    @SerialName("message")
    val message : String? = null,

    @SerialName("sha")
    val sha : String? = null,

    @SerialName("url")
    val url : String? = null,

    @SerialName("parents")
    val parents : List<CreateFileCommitParentsItems>? = null
)

@Serializable
data class CreateFileContentLinks(

    @SerialName("git")
    val git : String? = null,

    @SerialName("self")
    val self : String? = null,

    @SerialName("html")
    val html : String? = null
)

@Serializable
data class CreateFileContent(

    @SerialName("path")
    val path : String? = null,

    @SerialName("size")
    val size : Int? = null,

    @SerialName("_links")
    val Links : CreateFileContentLinks? = null,

    @SerialName("html_url")
    val htmlUrl : String? = null,

    @SerialName("name")
    val name : String? = null,

    @SerialName("git_url")
    val gitUrl : String? = null,

    @SerialName("type")
    val type : String? = null,

    @SerialName("sha")
    val sha : String? = null,

    @SerialName("url")
    val url : String? = null
)

@Serializable
data class CreateFileBodyCommitter(

    @SerialName("name")
    val name : String? = null,

    @SerialName("email")
    val email : String? = null
)

@Serializable
data class DeleteFileCommitCommitter(

    @SerialName("date")
    val date : String? = null,

    @SerialName("name")
    val name : String? = null,

    @SerialName("email")
    val email : String? = null
)

@Serializable
data class DeleteFileCommitAuthor(

    @SerialName("date")
    val date : String? = null,

    @SerialName("name")
    val name : String? = null,

    @SerialName("email")
    val email : String? = null
)

@Serializable
data class DeleteFileCommitTree(

    @SerialName("sha")
    val sha : String? = null,

    @SerialName("url")
    val url : String? = null
)

@Serializable
data class DeleteFileCommitParents(

    @SerialName("html_url")
    val htmlUrl : String? = null,

    @SerialName("sha")
    val sha : String? = null,

    @SerialName("url")
    val url : String? = null
)

@Serializable
data class DeleteFileCommit(

    @SerialName("committer")
    val committer : DeleteFileCommitCommitter? = null,

    @SerialName("author")
    val author : DeleteFileCommitAuthor? = null,

    @SerialName("html_url")
    val htmlUrl : String? = null,

    @SerialName("tree")
    val tree : DeleteFileCommitTree? = null,

    @SerialName("message")
    val message : String? = null,

    @SerialName("sha")
    val sha : String? = null,

    @SerialName("url")
    val url : String? = null,

    @SerialName("parents")
    val parents : DeleteFileCommitParents? = null
)

@Serializable
data class DeleteFileBodyCommitter(

    @SerialName("name")
    val name : String? = null,

    @SerialName("email")
    val email : String? = null
)

@Serializable
data class DeploymentPayload(

    @SerialName("room_id")
    val roomId : Int? = null,

    @SerialName("environment")
    val environment : String? = null,

    @SerialName("deploy_user")
    val deployUser : String? = null
)

@Serializable
data class EventRepo(

    @SerialName("name")
    val name : String? = null,

    @SerialName("id")
    val id : Int? = null,

    @SerialName("url")
    val url : String? = null
)

@Serializable
data class FeedsLinksCurrentUserOrganization(

    @SerialName("href")
    val href : String? = null,

    @SerialName("type")
    val type : String? = null
)

@Serializable
data class FeedsLinksCurrentUserActor(

    @SerialName("href")
    val href : String? = null,

    @SerialName("type")
    val type : String? = null
)

@Serializable
data class FeedsLinksTimeline(

    @SerialName("href")
    val href : String? = null,

    @SerialName("type")
    val type : String? = null
)

@Serializable
data class FeedsLinksUser(

    @SerialName("href")
    val href : String? = null,

    @SerialName("type")
    val type : String? = null
)

@Serializable
data class FeedsLinksCurrentUserPublic(

    @SerialName("href")
    val href : String? = null,

    @SerialName("type")
    val type : String? = null
)

@Serializable
data class FeedsLinksCurrentUser(

    @SerialName("href")
    val href : String? = null,

    @SerialName("type")
    val type : String? = null
)

@Serializable
data class FeedsLinks(

    @SerialName("current_user_organization")
    val currentUserOrganization : FeedsLinksCurrentUserOrganization? = null,

    @SerialName("current_user_actor")
    val currentUserActor : FeedsLinksCurrentUserActor? = null,

    @SerialName("timeline")
    val timeline : FeedsLinksTimeline? = null,

    @SerialName("user")
    val user : FeedsLinksUser? = null,

    @SerialName("current_user_public")
    val currentUserPublic : FeedsLinksCurrentUserPublic? = null,

    @SerialName("current_user")
    val currentUser : FeedsLinksCurrentUser? = null
)

@Serializable
data class GistFilesRingErl(

    @SerialName("filename")
    val filename : String? = null,

    @SerialName("size")
    val size : Int? = null,

    @SerialName("raw_url")
    val rawUrl : String? = null
)

@Serializable
data class GistFiles(

    @SerialName("ring.erl")
    val ringErl : GistFilesRingErl? = null
)

@Serializable
data class GistForksItems(

    /**
     * Timestamp in ISO 8601 format: YYYY-MM-DDTHH:MM:SSZ.
     */
    @SerialName("created_at")
    val createdAt : String? = null,

    @SerialName("user")
    val user : User? = null,

    @SerialName("url")
    val url : String? = null
)

@Serializable
data class GistHistoryItemsChangeStatus(

    @SerialName("total")
    val total : Int? = null,

    @SerialName("additions")
    val additions : Int? = null,

    @SerialName("deletions")
    val deletions : Int? = null
)

@Serializable
data class GistHistoryItems(

    /**
     * Timestamp in ISO 8601 format: YYYY-MM-DDTHH:MM:SSZ.
     */
    @SerialName("committed_at")
    val committedAt : String? = null,

    @SerialName("change_status")
    val changeStatus : GistHistoryItemsChangeStatus? = null,

    @SerialName("user")
    val user : User? = null,

    @SerialName("version")
    val version : String? = null,

    @SerialName("url")
    val url : String? = null
)

@Serializable
data class GistsFilesRingErl(

    @SerialName("filename")
    val filename : String? = null,

    @SerialName("size")
    val size : Int? = null,

    @SerialName("raw_url")
    val rawUrl : String? = null
)

@Serializable
data class GistsFiles(

    @SerialName("ring.erl")
    val ringErl : GistsFilesRingErl? = null
)

@Serializable
data class GitCommitAuthor(

    @SerialName("date")
    val date : String? = null,

    @SerialName("name")
    val name : String? = null,

    @SerialName("email")
    val email : String? = null
)

@Serializable
data class HeadBranchObject(

    @SerialName("type")
    val type : String? = null,

    @SerialName("sha")
    val sha : String? = null,

    @SerialName("url")
    val url : String? = null
)

@Serializable
data class HookConfig(

    @SerialName("content_type")
    val contentType : String? = null,

    @SerialName("url")
    val url : String? = null
)

@Serializable
data class IssueEventIssuePullRequest(

    @SerialName("patch_url")
    val patchUrl : String? = null,

    @SerialName("html_url")
    val htmlUrl : String? = null,

    @SerialName("diff_url")
    val diffUrl : String? = null
)

@Serializable
data class IssueEventIssueLabelsItems(

    @SerialName("color")
    val color : String? = null,

    @SerialName("name")
    val name : String? = null,

    @SerialName("url")
    val url : String? = null
)

@Serializable
data class IssueEventIssueMilestone(

    @SerialName("number")
    val number : Int? = null,

    @SerialName("creator")
    val creator : User? = null,

    /**
     * ISO 8601 format: YYYY-MM-DDTHH:MM:SSZ
     */
    @SerialName("created_at")
    val createdAt : String? = null,

    @SerialName("description")
    val description : String? = null,

    @SerialName("state")
    val state : String? = null,

    @SerialName("closed_issues")
    val closedIssues : Int? = null,

    @SerialName("open_issues")
    val openIssues : Int? = null,

    @SerialName("title")
    val title : String? = null,

    /**
     * ISO 8601 format: YYYY-MM-DDTHH:MM:SSZ
     */
    @SerialName("due_on")
    val dueOn : String? = null,

    @SerialName("url")
    val url : String? = null
)

@Serializable
data class IssueEventIssue(

    @SerialName("pull_request")
    val pullRequest : IssueEventIssuePullRequest? = null,

    /**
     * ISO 8601 format: YYYY-MM-DDTHH:MM:SSZ
     */
    @SerialName("closed_at")
    val closedAt : String? = null,

    @SerialName("comments")
    val comments : Int? = null,

    /**
     * ISO 8601 format: YYYY-MM-DDTHH:MM:SSZ
     */
    @SerialName("created_at")
    val createdAt : String? = null,

    @SerialName("body")
    val body : String? = null,

    @SerialName("title")
    val title : String? = null,

    @SerialName("url")
    val url : String? = null,

    @SerialName("labels")
    val labels : List<IssueEventIssueLabelsItems>? = null,

    @SerialName("number")
    val number : Int? = null,

    @SerialName("milestone")
    val milestone : IssueEventIssueMilestone? = null,

    /**
     * ISO 8601 format: YYYY-MM-DDTHH:MM:SSZ
     */
    @SerialName("updated_at")
    val updatedAt : String? = null,

    @SerialName("html_url")
    val htmlUrl : String? = null,

    @SerialName("assignee")
    val assignee : User? = null,

    @SerialName("state")
    val state : String? = null,

    @SerialName("user")
    val user : User? = null
)

@Serializable
data class IssuesPullRequest(

    @SerialName("patch_url")
    val patchUrl : String? = null,

    @SerialName("html_url")
    val htmlUrl : String? = null,

    @SerialName("diff_url")
    val diffUrl : String? = null
)

@Serializable
data class IssuesLabelsItems(

    @SerialName("color")
    val color : String? = null,

    @SerialName("name")
    val name : String? = null,

    @SerialName("url")
    val url : String? = null
)

@Serializable
data class IssuesMilestone(

    @SerialName("number")
    val number : Int? = null,

    @SerialName("creator")
    val creator : User? = null,

    /**
     * ISO 8601 format: YYYY-MM-DDTHH:MM:SSZ
     */
    @SerialName("created_at")
    val createdAt : String? = null,

    @SerialName("description")
    val description : String? = null,

    @SerialName("state")
    val state : String? = null,

    @SerialName("closed_issues")
    val closedIssues : Int? = null,

    @SerialName("open_issues")
    val openIssues : Int? = null,

    @SerialName("title")
    val title : String? = null,

    /**
     * ISO 8601 format: YYYY-MM-DDTHH:MM:SSZ
     */
    @SerialName("due_on")
    val dueOn : String? = null,

    @SerialName("url")
    val url : String? = null
)

@Serializable
data class IssuesCommentsLinksPullRequest(

    @SerialName("href")
    val href : String? = null
)

@Serializable
data class IssuesCommentsLinksSelf(

    @SerialName("href")
    val href : String? = null
)

@Serializable
data class IssuesCommentsLinksHtml(

    @SerialName("href")
    val href : String? = null
)

@Serializable
data class IssuesCommentsLinks(

    @SerialName("pull_request")
    val pullRequest : IssuesCommentsLinksPullRequest? = null,

    @SerialName("self")
    val self : IssuesCommentsLinksSelf? = null,

    @SerialName("html")
    val html : IssuesCommentsLinksHtml? = null
)

@Serializable
data class MergesSuccessfulCommitCommitter(

    @SerialName("date")
    val date : String? = null,

    @SerialName("name")
    val name : String? = null,

    @SerialName("email")
    val email : String? = null
)

@Serializable
data class MergesSuccessfulCommitAuthor(

    @SerialName("date")
    val date : String? = null,

    @SerialName("name")
    val name : String? = null,

    @SerialName("email")
    val email : String? = null
)

@Serializable
data class MergesSuccessfulCommitTree(

    @SerialName("sha")
    val sha : String? = null,

    @SerialName("url")
    val url : String? = null
)

@Serializable
data class MergesSuccessfulCommit(

    @SerialName("comment_count")
    val commentCount : Int? = null,

    @SerialName("committer")
    val committer : MergesSuccessfulCommitCommitter? = null,

    @SerialName("author")
    val author : MergesSuccessfulCommitAuthor? = null,

    @SerialName("tree")
    val tree : MergesSuccessfulCommitTree? = null,

    @SerialName("message")
    val message : String? = null,

    @SerialName("url")
    val url : String? = null
)

@Serializable
data class MergesSuccessfulParentsItems(

    @SerialName("sha")
    val sha : String? = null,

    @SerialName("url")
    val url : String? = null
)

@Serializable
data class NotificationsRepository(

    @SerialName("owner")
    val owner : Actor? = null,

    @SerialName("fork")
    val fork : Boolean? = null,

    @SerialName("private")
    val private : Boolean? = null,

    @SerialName("full_name")
    val fullName : String? = null,

    @SerialName("html_url")
    val htmlUrl : String? = null,

    @SerialName("name")
    val name : String? = null,

    @SerialName("description")
    val description : String? = null,

    @SerialName("id")
    val id : Int? = null,

    @SerialName("url")
    val url : String? = null
)

@Serializable
data class NotificationsSubject(

    @SerialName("latest_comment_url")
    val latestCommentUrl : String? = null,

    @SerialName("title")
    val title : String? = null,

    @SerialName("type")
    val type : String? = null,

    @SerialName("url")
    val url : String? = null
)

@Serializable
data class OrganizationPlan(

    @SerialName("private_repos")
    val privateRepos : Int? = null,

    @SerialName("name")
    val name : String? = null,

    @SerialName("collaborators")
    val collaborators : Int? = null,

    @SerialName("space")
    val space : Int? = null
)

@Serializable
data class OrganizationAsTeamMemberErrorsItems(

    @SerialName("code")
    val code : String? = null,

    @SerialName("field")
    val field : String? = null,

    @SerialName("resource")
    val resource : String? = null
)

@Serializable
data class PatchGistFilesNewFileTxt(

    @SerialName("content")
    val content : String? = null
)

@Serializable
data class PatchGistFilesFile1Txt(

    @SerialName("content")
    val content : String? = null
)

@Serializable
data class PatchGistFilesOldNameTxt(

    @SerialName("filename")
    val filename : String? = null,

    @SerialName("content")
    val content : String? = null
)

@Serializable
data class PatchGistFiles(

    @SerialName("delete_this_file.txt")
    val deleteThisFileTxt : String? = null,

    @SerialName("new_file.txt")
    val newFileTxt : PatchGistFilesNewFileTxt? = null,

    @SerialName("file1.txt")
    val file1Txt : PatchGistFilesFile1Txt? = null,

    @SerialName("old_name.txt")
    val oldNameTxt : PatchGistFilesOldNameTxt? = null
)

@Serializable
data class PostGistFilesFile1Txt(

    @SerialName("content")
    val content : String? = null
)

@Serializable
data class PostGistFiles(

    @SerialName("file1.txt")
    val file1Txt : PostGistFilesFile1Txt? = null
)

@Serializable
data class PullRequestLinksComments(

    @SerialName("href")
    val href : String? = null
)

@Serializable
data class PullRequestLinksReviewComments(

    @SerialName("href")
    val href : String? = null
)

@Serializable
data class PullRequestLinksSelf(

    @SerialName("href")
    val href : String? = null
)

@Serializable
data class PullRequestLinksHtml(

    @SerialName("href")
    val href : String? = null
)

@Serializable
data class PullRequestLinks(

    @SerialName("comments")
    val comments : PullRequestLinksComments? = null,

    @SerialName("review_comments")
    val reviewComments : PullRequestLinksReviewComments? = null,

    @SerialName("self")
    val self : PullRequestLinksSelf? = null,

    @SerialName("html")
    val html : PullRequestLinksHtml? = null
)

@Serializable
data class PullRequestBaseUser(

    @SerialName("avatar_url")
    val avatarUrl : String? = null,

    @SerialName("id")
    val id : Int? = null,

    @SerialName("login")
    val login : String? = null,

    @SerialName("gravatar_id")
    val gravatarId : String? = null,

    @SerialName("url")
    val url : String? = null
)

@Serializable
data class PullRequestBase(

    @SerialName("ref")
    val ref : String? = null,

    @SerialName("repo")
    val repo : Repo? = null,

    @SerialName("label")
    val label : String? = null,

    @SerialName("sha")
    val sha : String? = null,

    @SerialName("user")
    val user : PullRequestBaseUser? = null
)

@Serializable
data class PullRequestHeadUser(

    @SerialName("avatar_url")
    val avatarUrl : String? = null,

    @SerialName("id")
    val id : Int? = null,

    @SerialName("login")
    val login : String? = null,

    @SerialName("gravatar_id")
    val gravatarId : String? = null,

    @SerialName("url")
    val url : String? = null
)

@Serializable
data class PullRequestHead(

    @SerialName("ref")
    val ref : String? = null,

    @SerialName("repo")
    val repo : Repo? = null,

    @SerialName("label")
    val label : String? = null,

    @SerialName("sha")
    val sha : String? = null,

    @SerialName("user")
    val user : PullRequestHeadUser? = null
)

@Serializable
data class PullRequestMergedBy(

    @SerialName("avatar_url")
    val avatarUrl : String? = null,

    @SerialName("id")
    val id : Int? = null,

    @SerialName("login")
    val login : String? = null,

    @SerialName("gravatar_id")
    val gravatarId : String? = null,

    @SerialName("url")
    val url : String? = null
)

@Serializable
data class PullRequestUser(

    @SerialName("avatar_url")
    val avatarUrl : String? = null,

    @SerialName("id")
    val id : Int? = null,

    @SerialName("login")
    val login : String? = null,

    @SerialName("gravatar_id")
    val gravatarId : String? = null,

    @SerialName("url")
    val url : String? = null
)

@Serializable
data class PullsLinksComments(

    @SerialName("href")
    val href : String? = null
)

@Serializable
data class PullsLinksReviewComments(

    @SerialName("href")
    val href : String? = null
)

@Serializable
data class PullsLinksSelf(

    @SerialName("href")
    val href : String? = null
)

@Serializable
data class PullsLinksHtml(

    @SerialName("href")
    val href : String? = null
)

@Serializable
data class PullsLinks(

    @SerialName("comments")
    val comments : PullsLinksComments? = null,

    @SerialName("review_comments")
    val reviewComments : PullsLinksReviewComments? = null,

    @SerialName("self")
    val self : PullsLinksSelf? = null,

    @SerialName("html")
    val html : PullsLinksHtml? = null
)

@Serializable
data class PullsHeadUser(

    @SerialName("avatar_url")
    val avatarUrl : String? = null,

    @SerialName("id")
    val id : Int? = null,

    @SerialName("login")
    val login : String? = null,

    @SerialName("gravatar_id")
    val gravatarId : String? = null,

    @SerialName("url")
    val url : String? = null
)

@Serializable
data class PullsHead(

    @SerialName("ref")
    val ref : String? = null,

    @SerialName("repo")
    val repo : Repo? = null,

    @SerialName("label")
    val label : String? = null,

    @SerialName("sha")
    val sha : String? = null,

    @SerialName("user")
    val user : PullsHeadUser? = null
)

@Serializable
data class PullsUser(

    @SerialName("avatar_url")
    val avatarUrl : String? = null,

    @SerialName("id")
    val id : Int? = null,

    @SerialName("login")
    val login : String? = null,

    @SerialName("gravatar_id")
    val gravatarId : String? = null,

    @SerialName("url")
    val url : String? = null
)

@Serializable
data class PullsBaseUser(

    @SerialName("avatar_url")
    val avatarUrl : String? = null,

    @SerialName("id")
    val id : Int? = null,

    @SerialName("login")
    val login : String? = null,

    @SerialName("gravatar_id")
    val gravatarId : String? = null,

    @SerialName("url")
    val url : String? = null
)

@Serializable
data class PullsBase(

    @SerialName("ref")
    val ref : String? = null,

    @SerialName("repo")
    val repo : Repo? = null,

    @SerialName("label")
    val label : String? = null,

    @SerialName("sha")
    val sha : String? = null,

    @SerialName("user")
    val user : PullsBaseUser? = null
)

@Serializable
data class PullsCommentLinksPullRequest(

    @SerialName("href")
    val href : String? = null
)

@Serializable
data class PullsCommentLinksSelf(

    @SerialName("href")
    val href : String? = null
)

@Serializable
data class PullsCommentLinksHtml(

    @SerialName("href")
    val href : String? = null
)

@Serializable
data class PullsCommentLinks(

    @SerialName("pull_request")
    val pullRequest : PullsCommentLinksPullRequest? = null,

    @SerialName("self")
    val self : PullsCommentLinksSelf? = null,

    @SerialName("html")
    val html : PullsCommentLinksHtml? = null
)

@Serializable
data class PullsCommentUser(

    @SerialName("avatar_url")
    val avatarUrl : String? = null,

    @SerialName("id")
    val id : Int? = null,

    @SerialName("login")
    val login : String? = null,

    @SerialName("gravatar_id")
    val gravatarId : String? = null,

    @SerialName("url")
    val url : String? = null
)

@Serializable
data class PullsCommentsLinksPullRequest(

    @SerialName("href")
    val href : String? = null
)

@Serializable
data class PullsCommentsLinksSelf(

    @SerialName("href")
    val href : String? = null
)

@Serializable
data class PullsCommentsLinksHtml(

    @SerialName("href")
    val href : String? = null
)

@Serializable
data class PullsCommentsLinks(

    @SerialName("pull_request")
    val pullRequest : PullsCommentsLinksPullRequest? = null,

    @SerialName("self")
    val self : PullsCommentsLinksSelf? = null,

    @SerialName("html")
    val html : PullsCommentsLinksHtml? = null
)

@Serializable
data class PullsCommentsUser(

    @SerialName("avatar_url")
    val avatarUrl : String? = null,

    @SerialName("id")
    val id : Int? = null,

    @SerialName("login")
    val login : String? = null,

    @SerialName("gravatar_id")
    val gravatarId : String? = null,

    @SerialName("url")
    val url : String? = null
)

@Serializable
data class RateLimitRate(

    @SerialName("limit")
    val limit : Int? = null,

    @SerialName("reset")
    val reset : Int? = null,

    @SerialName("remaining")
    val remaining : Int? = null
)

@Serializable
data class RefCreator(

    @SerialName("avatar_url")
    val avatarUrl : String? = null,

    @SerialName("id")
    val id : Int? = null,

    @SerialName("login")
    val login : String? = null,

    @SerialName("gravatar_id")
    val gravatarId : String? = null,

    @SerialName("url")
    val url : String? = null
)

@Serializable
data class RefStatusStatusesItems(

    @SerialName("updated_at")
    val updatedAt : String? = null,

    @SerialName("target_url")
    val targetUrl : String? = null,

    @SerialName("context")
    val context : String? = null,

    @SerialName("created_at")
    val createdAt : String? = null,

    @SerialName("description")
    val description : String? = null,

    @SerialName("id")
    val id : Int? = null,

    @SerialName("state")
    val state : String? = null,

    @SerialName("url")
    val url : String? = null
)

@Serializable
data class RefsObject(

    @SerialName("type")
    val type : String? = null,

    @SerialName("sha")
    val sha : String? = null,

    @SerialName("url")
    val url : String? = null
)

@Serializable
data class ReleaseAssetsItems(

    @SerialName("content_type")
    val contentType : String? = null,

    @SerialName("size")
    val size : Int? = null,

    @SerialName("updated_at")
    val updatedAt : String? = null,

    @SerialName("uploader")
    val uploader : User? = null,

    @SerialName("name")
    val name : String? = null,

    @SerialName("created_at")
    val createdAt : String? = null,

    @SerialName("id")
    val id : Int? = null,

    @SerialName("label")
    val label : String? = null,

    @SerialName("state")
    val state : String? = null,

    @SerialName("url")
    val url : String? = null,

    @SerialName("download_count")
    val downloadCount : Int? = null
)

@Serializable
data class ReleasesAssetsItems(

    @SerialName("content_type")
    val contentType : String? = null,

    @SerialName("size")
    val size : Int? = null,

    @SerialName("updated_at")
    val updatedAt : String? = null,

    @SerialName("uploader")
    val uploader : User? = null,

    @SerialName("name")
    val name : String? = null,

    @SerialName("created_at")
    val createdAt : String? = null,

    @SerialName("id")
    val id : Int? = null,

    @SerialName("label")
    val label : String? = null,

    @SerialName("state")
    val state : String? = null,

    @SerialName("url")
    val url : String? = null,

    @SerialName("download_count")
    val downloadCount : Int? = null
)

@Serializable
data class RepoCommitAuthor(

    /**
     * ISO 8601 format: YYYY-MM-DDTHH:MM:SSZ
     */
    @SerialName("date")
    val date : String? = null,

    @SerialName("name")
    val name : String? = null,

    @SerialName("email")
    val email : String? = null
)

@Serializable
data class RepoCommitCommitter(

    /**
     * ISO 8601 format: YYYY-MM-DDTHH:MM:SSZ
     */
    @SerialName("date")
    val date : String? = null,

    @SerialName("name")
    val name : String? = null,

    @SerialName("email")
    val email : String? = null
)

@Serializable
data class RepoCommitParentsItems(

    @SerialName("sha")
    val sha : String? = null,

    @SerialName("url")
    val url : String? = null
)

@Serializable
data class RepoCommitTree(

    @SerialName("sha")
    val sha : String? = null,

    @SerialName("url")
    val url : String? = null
)

@Serializable
data class RepoCommitBodyAuthor(

    @SerialName("date")
    val date : String? = null,

    @SerialName("name")
    val name : String? = null,

    @SerialName("email")
    val email : String? = null
)

@Serializable
data class SearchCodeItemsItemsRepository(

    @SerialName("tags_url")
    val tagsUrl : String? = null,

    @SerialName("contributors_url")
    val contributorsUrl : String? = null,

    @SerialName("private")
    val private : Boolean? = null,

    @SerialName("notifications_url")
    val notificationsUrl : String? = null,

    @SerialName("description")
    val description : String? = null,

    @SerialName("subscription_url")
    val subscriptionUrl : String? = null,

    @SerialName("branches_url")
    val branchesUrl : String? = null,

    @SerialName("keys_url")
    val keysUrl : String? = null,

    @SerialName("issue_comment_url")
    val issueCommentUrl : String? = null,

    @SerialName("labels_url")
    val labelsUrl : String? = null,

    @SerialName("subscribers_url")
    val subscribersUrl : String? = null,

    @SerialName("comments_url")
    val commentsUrl : String? = null,

    @SerialName("stargazers_url")
    val stargazersUrl : String? = null,

    @SerialName("id")
    val id : Int? = null,

    @SerialName("owner")
    val owner : Actor? = null,

    @SerialName("archive_url")
    val archiveUrl : String? = null,

    @SerialName("commits_url")
    val commitsUrl : String? = null,

    @SerialName("git_refs_url")
    val gitRefsUrl : String? = null,

    @SerialName("compare_url")
    val compareUrl : String? = null,

    @SerialName("forks_url")
    val forksUrl : String? = null,

    @SerialName("statuses_url")
    val statusesUrl : String? = null,

    @SerialName("git_commits_url")
    val gitCommitsUrl : String? = null,

    @SerialName("blobs_url")
    val blobsUrl : String? = null,

    @SerialName("git_tags_url")
    val gitTagsUrl : String? = null,

    @SerialName("merges_url")
    val mergesUrl : String? = null,

    @SerialName("downloads_url")
    val downloadsUrl : String? = null,

    @SerialName("url")
    val url : String? = null,

    @SerialName("contents_url")
    val contentsUrl : String? = null,

    @SerialName("milestones_url")
    val milestonesUrl : String? = null,

    @SerialName("teams_url")
    val teamsUrl : String? = null,

    @SerialName("fork")
    val fork : Boolean? = null,

    @SerialName("issues_url")
    val issuesUrl : String? = null,

    @SerialName("full_name")
    val fullName : String? = null,

    @SerialName("events_url")
    val eventsUrl : String? = null,

    @SerialName("issue_events_url")
    val issueEventsUrl : String? = null,

    @SerialName("languages_url")
    val languagesUrl : String? = null,

    @SerialName("collaborators_url")
    val collaboratorsUrl : String? = null,

    @SerialName("html_url")
    val htmlUrl : String? = null,

    @SerialName("name")
    val name : String? = null,

    @SerialName("pulls_url")
    val pullsUrl : String? = null,

    @SerialName("hooks_url")
    val hooksUrl : String? = null,

    @SerialName("assignees_url")
    val assigneesUrl : String? = null,

    @SerialName("trees_url")
    val treesUrl : String? = null
)

@Serializable
data class SearchCodeItemsItems(

    @SerialName("path")
    val path : String? = null,

    @SerialName("score")
    val score : Int? = null,

    @SerialName("html_url")
    val htmlUrl : String? = null,

    @SerialName("name")
    val name : String? = null,

    @SerialName("git_url")
    val gitUrl : String? = null,

    @SerialName("repository")
    val repository : SearchCodeItemsItemsRepository? = null,

    @SerialName("sha")
    val sha : String? = null,

    @SerialName("url")
    val url : String? = null
)

@Serializable
data class SearchIssuesItemsItemsLabelsItems(

    @SerialName("color")
    val color : String? = null,

    @SerialName("name")
    val name : String? = null,

    @SerialName("url")
    val url : String? = null
)

@Serializable
data class SearchIssuesItemsItems(

    @SerialName("pull_request")
    val pullRequest : Map<String, String>? = null,

    @SerialName("comments")
    val comments : Int? = null,

    @SerialName("created_at")
    val createdAt : String? = null,

    @SerialName("body")
    val body : String? = null,

    @SerialName("title")
    val title : String? = null,

    @SerialName("url")
    val url : String? = null,

    @SerialName("labels")
    val labels : List<SearchIssuesItemsItemsLabelsItems>? = null,

    @SerialName("labels_url")
    val labelsUrl : String? = null,

    @SerialName("number")
    val number : Int? = null,

    @SerialName("score")
    val score : Int? = null,

    @SerialName("updated_at")
    val updatedAt : String? = null,

    @SerialName("events_url")
    val eventsUrl : String? = null,

    @SerialName("html_url")
    val htmlUrl : String? = null,

    @SerialName("comments_url")
    val commentsUrl : String? = null,

    @SerialName("id")
    val id : Int? = null,

    @SerialName("state")
    val state : String? = null,

    @SerialName("user")
    val user : User? = null
)

@Serializable
data class SearchIssuesByKeywordIssuesItems(

    @SerialName("comments")
    val comments : Int? = null,

    @SerialName("created_at")
    val createdAt : String? = null,

    @SerialName("body")
    val body : String? = null,

    @SerialName("title")
    val title : String? = null,

    @SerialName("labels")
    val labels : List<String>? = null,

    @SerialName("number")
    val number : Int? = null,

    @SerialName("updated_at")
    val updatedAt : String? = null,

    @SerialName("html_url")
    val htmlUrl : String? = null,

    @SerialName("votes")
    val votes : Int? = null,

    @SerialName("position")
    val position : Int? = null,

    @SerialName("state")
    val state : String? = null,

    @SerialName("gravatar_id")
    val gravatarId : String? = null,

    @SerialName("user")
    val user : String? = null
)

@Serializable
data class TagObject(

    /**
     * String of the type of the tagged object. Normally this is a commit but it can also be a tree or a blob.
     */
    @SerialName("type")
    val type : String? = null,

    @SerialName("sha")
    val sha : String? = null,

    @SerialName("url")
    val url : String? = null
)

@Serializable
data class TagTagger(

    /**
     * Timestamp of when this object was tagged, in ISO 8601 format: YYYY-MM-DDTHH:MM:SSZ
     */
    @SerialName("date")
    val date : String? = null,

    /**
     * String of the name of the author of the tag.
     */
    @SerialName("name")
    val name : String? = null,

    /**
     * String of the email of the author of the tag.
     */
    @SerialName("email")
    val email : String? = null
)

@Serializable
data class TagBodyTagger(

    /**
     * Timestamp of when this object was tagged, in ISO 8601 format: YYYY-MM-DDTHH:MM:SSZ
     */
    @SerialName("date")
    val date : String? = null,

    /**
     * String of the name of the author of the tag.
     */
    @SerialName("name")
    val name : String? = null,

    /**
     * String of the email of the author of the tag.
     */
    @SerialName("email")
    val email : String? = null
)

@Serializable
data class TeamsListOrganization(

    @SerialName("avatar_url")
    val avatarUrl : String? = null,

    @SerialName("id")
    val id : Int? = null,

    @SerialName("login")
    val login : String? = null,

    @SerialName("url")
    val url : String? = null
)

@Serializable
data class TreeTreeItems(

    /**
     * One of 100644 for file (blob), 100755 for executable (blob), 040000 for subdirectory (tree), 160000 for submodule (commit) or 120000 for a blob that specifies the path of a symlink.
     */
    @SerialName("mode")
    val mode : String? = null,

    @SerialName("path")
    val path : String? = null,

    @SerialName("size")
    val size : Int? = null,

    @SerialName("type")
    val type : String? = null,

    /**
     * SHA1 checksum ID of the object in the tree.
     */
    @SerialName("sha")
    val sha : String? = null,

    @SerialName("url")
    val url : String? = null
)

@Serializable
data class UserPlan(

    @SerialName("private_repos")
    val privateRepos : Int? = null,

    @SerialName("name")
    val name : String? = null,

    @SerialName("collaborators")
    val collaborators : Int? = null,

    @SerialName("space")
    val space : Int? = null
)